test_accepted_reference_evidence_cannot_be_replaced (test_gate_a_finalization.GateAFinalizationTest.test_accepted_reference_evidence_cannot_be_replaced) ... ok
test_missing_actual_bulk_entry_is_not_a_deferred_gate_b_gap (test_gate_a_finalization.GateAFinalizationTest.test_missing_actual_bulk_entry_is_not_a_deferred_gate_b_gap) ... ok
test_missing_policy_bad_pagination_and_unknown_history_block_real_gate (test_gate_a_finalization.GateAFinalizationTest.test_missing_policy_bad_pagination_and_unknown_history_block_real_gate) ... ok
test_pass_cannot_be_reused_after_code_or_contract_change (test_gate_a_finalization.GateAFinalizationTest.test_pass_cannot_be_reused_after_code_or_contract_change) ... ok
test_published_plan_and_report_round_trip_preserves_readiness (test_gate_a_finalization.GateAFinalizationTest.test_published_plan_and_report_round_trip_preserves_readiness) ... ok
test_readiness_does_not_claim_gate_b_or_require_future_artifacts (test_gate_a_finalization.GateAFinalizationTest.test_readiness_does_not_claim_gate_b_or_require_future_artifacts) ... ok
test_real_public_route_bypass_and_dead_code_block (test_gate_a_finalization.GateAFinalizationTest.test_real_public_route_bypass_and_dead_code_block) ... ok
test_sparse_endpoint_removal_blocks (test_gate_a_finalization.GateAFinalizationTest.test_sparse_endpoint_removal_blocks) ... ok
test_current_readiness_keeps_future_execution_gaps_separate (test_gate_a.GateATest.test_current_readiness_keeps_future_execution_gaps_separate) ... ok
test_evidence_entry_signature_is_checked (test_gate_a.GateATest.test_evidence_entry_signature_is_checked) ... ok
test_historical_anchors_follow_each_identity_without_shrinking_target (test_gate_a.GateATest.test_historical_anchors_follow_each_identity_without_shrinking_target) ... ok
test_missing_planner_and_internal_window_hole_block (test_gate_a.GateATest.test_missing_planner_and_internal_window_hole_block) ... ok
test_missing_policy_and_bypassed_shared_cap_block (test_gate_a.GateATest.test_missing_policy_and_bypassed_shared_cap_block) ... ok
test_missing_required_profile_blocks_its_real_source (test_gate_a.GateATest.test_missing_required_profile_blocks_its_real_source) ... ok
test_registry_public_binding_and_terminal_requirements_cannot_be_weakened (test_gate_a.GateATest.test_registry_public_binding_and_terminal_requirements_cannot_be_weakened) ... ok
test_terminal_flags_cannot_substitute_for_bound_evidence (test_gate_a.GateATest.test_terminal_flags_cannot_substitute_for_bound_evidence) ... ok
test_plan_and_validation_use_public_readonly_services (test_gate_a_cli.GateACliTest.test_plan_and_validation_use_public_readonly_services) ... ok

----------------------------------------------------------------------
Ran 17 tests in 9.647s

OK
