test_same_raw_is_revalidated_on_v1_to_v2_and_v2_replay_is_stable (test_source_coverage.CoveragePolicyTransitionTest.test_same_raw_is_revalidated_on_v1_to_v2_and_v2_replay_is_stable) ... ok
test_same_v2_raw_revalidated_when_effective_contract_changes (test_source_coverage.CoveragePolicyTransitionTest.test_same_v2_raw_revalidated_when_effective_contract_changes) ... ok
test_current_bootstrap_cannot_reuse_legacy_policy_admission (test_source_coverage.SourceCoverageTest.test_current_bootstrap_cannot_reuse_legacy_policy_admission) ... ok
test_direct_v2_build_requalifies_legacy_parent_before_inheriting_rows (test_source_coverage.SourceCoverageTest.test_direct_v2_build_requalifies_legacy_parent_before_inheriting_rows) ... ok
test_empty_complete_expands_identity_scope_and_exact_offline_replay (test_source_coverage.SourceCoverageTest.test_empty_complete_expands_identity_scope_and_exact_offline_replay) ... ok
test_empty_partial_or_truncated_is_retained_but_not_admitted (test_source_coverage.SourceCoverageTest.test_empty_partial_or_truncated_is_retained_but_not_admitted) ... ok
test_legacy_row_equality_cannot_discard_new_empty_raw (test_source_coverage.SourceCoverageTest.test_legacy_row_equality_cannot_discard_new_empty_raw) ... ok
test_rehashed_forged_coverage_is_rejected_against_immutable_raw (test_source_coverage.SourceCoverageTest.test_rehashed_forged_coverage_is_rejected_against_immutable_raw) ... ok
test_candidate_reuses_verified_nodes_but_next_call_checks_source_again (test_candidate_verification_cache.CandidateVerificationCacheTest.test_candidate_reuses_verified_nodes_but_next_call_checks_source_again) ... ok
test_same_identity_in_another_root_is_not_a_cache_hit_and_failure_unwinds (test_candidate_verification_cache.CandidateVerificationCacheTest.test_same_identity_in_another_root_is_not_a_cache_hit_and_failure_unwinds) ... ok
test_current_requalification_keeps_complete_series_per_commit (test_pagination_selectors.PaginationSelectorsTest.test_current_requalification_keeps_complete_series_per_commit) ... ok
test_industry_selector_mismatch_and_injected_date_selector_fail (test_pagination_selectors.PaginationSelectorsTest.test_industry_selector_mismatch_and_injected_date_selector_fail) ... ok
test_middle_and_terminal_mode_or_symbol_mismatch_cannot_complete (test_pagination_selectors.PaginationSelectorsTest.test_middle_and_terminal_mode_or_symbol_mismatch_cannot_complete) ... ok
test_page_field_and_source_bindings_are_required (test_pagination_selectors.PaginationSelectorsTest.test_page_field_and_source_bindings_are_required) ... ok
test_page_request_series_cannot_switch_selector (test_pagination_selectors.PaginationSelectorsTest.test_page_request_series_cannot_switch_selector) ... ok
test_valid_three_page_series_for_both_real_endpoints (test_pagination_selectors.PaginationSelectorsTest.test_valid_three_page_series_for_both_real_endpoints) ... ok
test_accepted_reference_evidence_cannot_be_replaced (test_gate_a_finalization.GateAFinalizationTest.test_accepted_reference_evidence_cannot_be_replaced) ... ok
test_missing_actual_bulk_entry_is_not_a_deferred_gate_b_gap (test_gate_a_finalization.GateAFinalizationTest.test_missing_actual_bulk_entry_is_not_a_deferred_gate_b_gap) ... ok
test_missing_policy_bad_pagination_and_unknown_history_block_real_gate (test_gate_a_finalization.GateAFinalizationTest.test_missing_policy_bad_pagination_and_unknown_history_block_real_gate) ... ok
test_pass_cannot_be_reused_after_code_or_contract_change (test_gate_a_finalization.GateAFinalizationTest.test_pass_cannot_be_reused_after_code_or_contract_change) ... ok
test_readiness_does_not_claim_gate_b_or_require_future_artifacts (test_gate_a_finalization.GateAFinalizationTest.test_readiness_does_not_claim_gate_b_or_require_future_artifacts) ... ok
test_real_public_route_bypass_and_dead_code_block (test_gate_a_finalization.GateAFinalizationTest.test_real_public_route_bypass_and_dead_code_block) ... ok
test_sparse_endpoint_removal_blocks (test_gate_a_finalization.GateAFinalizationTest.test_sparse_endpoint_removal_blocks) ... ok

----------------------------------------------------------------------
Ran 23 tests in 12.913s

OK
