test_public_acceptance_reads_validate_once_and_reject_later_corruption (test_acceptance_read_reuse.AcceptanceReadReuseTest.test_public_acceptance_reads_validate_once_and_reject_later_corruption) ... ok
test_bad_creation_time_and_normalized_dates (test_admission_plan.AdmissionPlanTest.test_bad_creation_time_and_normalized_dates) ... ok
test_cli_incomplete_plan_exits_nonzero (test_admission_plan.AdmissionPlanTest.test_cli_incomplete_plan_exits_nonzero) ... ok
test_complete_geometry_checks_only_reference_closures (test_admission_plan.AdmissionPlanTest.test_complete_geometry_checks_only_reference_closures) ... ok
test_disjoint_shards_and_interior_hole (test_admission_plan.AdmissionPlanTest.test_disjoint_shards_and_interior_hole) ... ok
test_exchange_calendar_and_identity_geometry (test_admission_plan.AdmissionPlanTest.test_exchange_calendar_and_identity_geometry) ... ok
test_reference_raw_corruption_fails (test_admission_plan.AdmissionPlanTest.test_reference_raw_corruption_fails) ... ok
test_registry_digest_snapshot_digest_and_semantic_substitution (test_admission_plan.AdmissionPlanTest.test_registry_digest_snapshot_digest_and_semantic_substitution) ... ok
test_sample_fact_views_do_not_cover_full_target (test_admission_plan.AdmissionPlanTest.test_sample_fact_views_do_not_cover_full_target) ... ok
test_self_consistent_manifest_with_missing_domain_is_rejected (test_admission_plan.AdmissionPlanTest.test_self_consistent_manifest_with_missing_domain_is_rejected) ... ok
test_catalog_can_be_deleted_and_rebuilt_from_manifests (test_artifacts.ArtifactTest.test_catalog_can_be_deleted_and_rebuilt_from_manifests) ... ok
test_clean_offline_rebuild_has_identical_logical_artifacts (test_artifacts.ArtifactTest.test_clean_offline_rebuild_has_identical_logical_artifacts) ... ok
test_conflicting_raw_values_do_not_use_last_write_wins (test_artifacts.ArtifactTest.test_conflicting_raw_values_do_not_use_last_write_wins) ... ok
test_cross_domain_market_validation (test_artifacts.ArtifactTest.test_cross_domain_market_validation) ... ok
test_domain_default_time_retry_is_idempotent (test_artifacts.ArtifactTest.test_domain_default_time_retry_is_idempotent) ... ok
test_domain_genesis_manifest_and_contract_provenance_are_complete (test_artifacts.ArtifactTest.test_domain_genesis_manifest_and_contract_provenance_are_complete) ... ok
test_failed_canonical_build_keeps_raw_and_publishes_no_commit (test_artifacts.ArtifactTest.test_failed_canonical_build_keeps_raw_and_publishes_no_commit) ... ok
test_full_closure_and_catalog_reject_deleted_raw (test_artifacts.ArtifactTest.test_full_closure_and_catalog_reject_deleted_raw) ... ok
test_full_closure_rejects_replaced_parent (test_artifacts.ArtifactTest.test_full_closure_rejects_replaced_parent) ... ok
test_incremental_uses_explicit_parent_and_preserves_raw_order (test_artifacts.ArtifactTest.test_incremental_uses_explicit_parent_and_preserves_raw_order) ... ok
test_missing_wrong_type_cross_contract_and_patch_refs_are_rejected (test_artifacts.ArtifactTest.test_missing_wrong_type_cross_contract_and_patch_refs_are_rejected) ... ok
test_output_and_builder_implementation_are_identity_inputs (test_artifacts.ArtifactTest.test_output_and_builder_implementation_are_identity_inputs) ... ok
test_pr2_raw_batch_v1_remains_loadable_in_closure_and_catalog (test_artifacts.ArtifactTest.test_pr2_raw_batch_v1_remains_loadable_in_closure_and_catalog) ... ok
test_raw_batch_is_append_only_and_offline_readable (test_artifacts.ArtifactTest.test_raw_batch_is_append_only_and_offline_readable) ... ok
test_read_paths_reject_symlink_ancestors_and_manifest_escape (test_artifacts.ArtifactTest.test_read_paths_reject_symlink_ancestors_and_manifest_escape) ... ok
test_snapshot_default_time_retry_is_idempotent (test_artifacts.ArtifactTest.test_snapshot_default_time_retry_is_idempotent) ... ok
test_snapshot_is_immutable_fixed_composition (test_artifacts.ArtifactTest.test_snapshot_is_immutable_fixed_composition) ... ok
test_snapshot_rejects_missing_and_nonexistent_domain_commits (test_artifacts.ArtifactTest.test_snapshot_rejects_missing_and_nonexistent_domain_commits) ... ok
test_symlink_cannot_bypass_immutable_target (test_artifacts.ArtifactTest.test_symlink_cannot_bypass_immutable_target) ... ok
test_target_collision_does_not_overwrite_original_commit (test_artifacts.ArtifactTest.test_target_collision_does_not_overwrite_original_commit) ... ok
test_complete_checkpoint_reuses_snapshot_and_revalidates_resume (test_bootstrap_checkpoint.BootstrapCheckpointTest.test_complete_checkpoint_reuses_snapshot_and_revalidates_resume) ... ok
test_at_limit_financial_response_is_retained_but_not_admitted (test_bootstrap_sources.BootstrapSourceTest.test_at_limit_financial_response_is_retained_but_not_admitted) ... ok
test_automatic_bounded_split_completes_and_resume_reuses_every_raw (test_bootstrap_sources.BootstrapSourceTest.test_automatic_bounded_split_completes_and_resume_reuses_every_raw) ... ok
test_explicit_scope_and_financial_lookback (test_bootstrap_sources.BootstrapSourceTest.test_explicit_scope_and_financial_lookback) ... ok
test_resume_continues_failed_child_without_refetching_parent_or_complete_child (test_bootstrap_sources.BootstrapSourceTest.test_resume_continues_failed_child_without_refetching_parent_or_complete_child) ... ok
test_resume_validates_artifacts_and_does_not_accept_baseline (test_bootstrap_sources.BootstrapSourceTest.test_resume_validates_artifacts_and_does_not_accept_baseline) ... ok
test_build_freezes_inputs_and_preserves_caller_order (test_build.BuildApplicationTest.test_build_freezes_inputs_and_preserves_caller_order) ... ok
test_contract_must_be_exactly_registered_before_executor_runs (test_build.BuildApplicationTest.test_contract_must_be_exactly_registered_before_executor_runs) ... ok
test_domain_commit_ref_itself_requires_registered_matching_contract (test_build.BuildApplicationTest.test_domain_commit_ref_itself_requires_registered_matching_contract) ... ok
test_executor_cannot_change_domain_or_contract (test_build.BuildApplicationTest.test_executor_cannot_change_domain_or_contract) ... ok
test_executor_result_identity_is_revalidated (test_build.BuildApplicationTest.test_executor_result_identity_is_revalidated) ... ok
test_floating_identity_is_rejected_in_every_request_position (test_build.BuildApplicationTest.test_floating_identity_is_rejected_in_every_request_position) ... ok
test_genesis_and_incremental_legal_matrix (test_build.BuildApplicationTest.test_genesis_and_incremental_legal_matrix) ... ok
test_malformed_and_duplicate_input_sequences_fail_before_executor (test_build.BuildApplicationTest.test_malformed_and_duplicate_input_sequences_fail_before_executor) ... ok
test_public_build_signature_is_stable (test_build.BuildApplicationTest.test_public_build_signature_is_stable) ... ok
test_registered_contract_must_belong_to_requested_domain (test_build.BuildApplicationTest.test_registered_contract_must_belong_to_requested_domain) ... ok
test_append_and_overlap_keep_parent_predecessor_without_changing_raw (test_calendar_incremental.CalendarIncrementalTest.test_append_and_overlap_keep_parent_predecessor_without_changing_raw) ... ok
test_candidate_reuses_verified_nodes_but_next_call_checks_source_again (test_candidate_verification_cache.CandidateVerificationCacheTest.test_candidate_reuses_verified_nodes_but_next_call_checks_source_again) ... ok
test_same_identity_in_another_root_is_not_a_cache_hit_and_failure_unwinds (test_candidate_verification_cache.CandidateVerificationCacheTest.test_same_identity_in_another_root_is_not_a_cache_hit_and_failure_unwinds) ... ok
test_actual_conflict_is_explicit_null_with_unchanged_raw_and_version_dispatch (test_capital_conflict.CapitalConflictTest.test_actual_conflict_is_explicit_null_with_unchanged_raw_and_version_dispatch) ... ok
test_cache_is_local_and_failed_rebuild_preserves_catalog (test_catalog_validation_reuse.CatalogValidationReuseTest.test_cache_is_local_and_failed_rebuild_preserves_catalog) ... ok
test_checked_commits_cannot_bypass_snapshot_fixed_dependencies (test_catalog_validation_reuse.CatalogValidationReuseTest.test_checked_commits_cannot_bypass_snapshot_fixed_dependencies) ... ok
test_checkpoint_bytes_grow_linearly (test_collection_checkpoint_io.CollectionCheckpointIOTest.test_checkpoint_bytes_grow_linearly) ... ok
test_crash_after_checkpoint_before_summary_keeps_completed_request (test_collection_checkpoint_io.CollectionCheckpointIOTest.test_crash_after_checkpoint_before_summary_keeps_completed_request) ... ok
test_legacy_summary_and_checkpoint_plan_binding (test_collection_checkpoint_io.CollectionCheckpointIOTest.test_legacy_summary_and_checkpoint_plan_binding) ... ok
test_partial_collection_resume_t_plus_one_and_no_change (test_daily_operation.DailyOperationTest.test_partial_collection_resume_t_plus_one_and_no_change) ... ok
test_daily_bounds_preserve_revisions_and_read_complete_month (test_daily_pit_partition_reads.DailyPitPartitionReadTest.test_daily_bounds_preserve_revisions_and_read_complete_month) ... ok
test_explicit_dates_t_plus_one_parent_binding_and_no_writes (test_daily_plan.DailyPlanTest.test_explicit_dates_t_plus_one_parent_binding_and_no_writes) ... ok
test_every_reference_mapper_preserves_values_provenance_and_full_scope (test_dm1_materialization.Dm1MaterializationTest.test_every_reference_mapper_preserves_values_provenance_and_full_scope) ... ok
test_closed_supplier_session_is_excluded_and_invalid_parent_fails_closed (test_dm1_security_session_scope.Dm1SecuritySessionScopeTest.test_closed_supplier_session_is_excluded_and_invalid_parent_fails_closed) ... ok
test_factor_and_capital_filter_identity_bounds_and_match_single_symbol_mapping (test_dm1_security_session_scope.Dm1SecuritySessionScopeTest.test_factor_and_capital_filter_identity_bounds_and_match_single_symbol_mapping) ... ok
test_incremental_parent_validation_covers_full_history_and_unrequested_symbols (test_dm1_security_session_scope.Dm1SecuritySessionScopeTest.test_incremental_parent_validation_covers_full_history_and_unrequested_symbols) ... ok
test_legacy_mapping_keeps_previous_behavior (test_dm1_security_session_scope.Dm1SecuritySessionScopeTest.test_legacy_mapping_keeps_previous_behavior) ... ok
test_missing_identity_calendar_and_unknown_identity_state_fail_closed (test_dm1_security_session_scope.Dm1SecuritySessionScopeTest.test_missing_identity_calendar_and_unknown_identity_state_fail_closed) ... ok
test_new_policy_full_parent_accepts_one_day_subset_incremental_patch (test_dm1_security_session_scope.Dm1SecuritySessionScopeTest.test_new_policy_full_parent_accepts_one_day_subset_incremental_patch) ... ok
test_unknown_policy_is_rejected_at_builder_construction (test_dm1_security_session_scope.Dm1SecuritySessionScopeTest.test_unknown_policy_is_rejected_at_builder_construction) ... ok
test_boundary_authority_and_legacy_gate (test_exchange_security.ExchangeSecurityTest.test_boundary_authority_and_legacy_gate) ... ok
test_original_tables_and_incomplete_evidence (test_exchange_security.ExchangeSecurityTest.test_original_tables_and_incomplete_evidence) ... ok
test_public_policy_rejects_wrong_domain_or_version (test_exchange_security.ExchangeSecurityTest.test_public_policy_rejects_wrong_domain_or_version) ... ok
test_dm1_build_and_load_reuse_only_their_own_checked_snapshot (test_fact_publication_validation.FactPublicationValidationTest.test_dm1_build_and_load_reuse_only_their_own_checked_snapshot) ... ok
test_each_fact_build_validates_snapshot_once_and_later_load_revalidates (test_fact_publication_validation.FactPublicationValidationTest.test_each_fact_build_validates_snapshot_once_and_later_load_revalidates) ... ok
test_market_qlib_both_versions_validate_once_per_build_and_fresh_load (test_fact_publication_validation.FactPublicationValidationTest.test_market_qlib_both_versions_validate_once_per_build_and_fresh_load) ... ok
test_current_readiness_keeps_future_execution_gaps_separate (test_gate_a.GateATest.test_current_readiness_keeps_future_execution_gaps_separate) ... ok
test_evidence_entry_signature_is_checked (test_gate_a.GateATest.test_evidence_entry_signature_is_checked) ... ok
test_historical_anchors_follow_each_identity_without_shrinking_target (test_gate_a.GateATest.test_historical_anchors_follow_each_identity_without_shrinking_target) ... ok
test_missing_planner_and_internal_window_hole_block (test_gate_a.GateATest.test_missing_planner_and_internal_window_hole_block) ... ok
test_missing_policy_and_bypassed_shared_cap_block (test_gate_a.GateATest.test_missing_policy_and_bypassed_shared_cap_block) ... ok
test_missing_required_profile_blocks_its_real_source (test_gate_a.GateATest.test_missing_required_profile_blocks_its_real_source) ... ok
test_registry_public_binding_and_terminal_requirements_cannot_be_weakened (test_gate_a.GateATest.test_registry_public_binding_and_terminal_requirements_cannot_be_weakened) ... ok
test_terminal_flags_cannot_substitute_for_bound_evidence (test_gate_a.GateATest.test_terminal_flags_cannot_substitute_for_bound_evidence) ... ok
test_plan_and_validation_use_public_readonly_services (test_gate_a_cli.GateACliTest.test_plan_and_validation_use_public_readonly_services) ... ok
test_accepted_reference_evidence_cannot_be_replaced (test_gate_a_finalization.GateAFinalizationTest.test_accepted_reference_evidence_cannot_be_replaced) ... ok
test_missing_actual_bulk_entry_is_not_a_deferred_gate_b_gap (test_gate_a_finalization.GateAFinalizationTest.test_missing_actual_bulk_entry_is_not_a_deferred_gate_b_gap) ... ok
test_missing_policy_bad_pagination_and_unknown_history_block_real_gate (test_gate_a_finalization.GateAFinalizationTest.test_missing_policy_bad_pagination_and_unknown_history_block_real_gate) ... ok
test_pass_cannot_be_reused_after_code_or_contract_change (test_gate_a_finalization.GateAFinalizationTest.test_pass_cannot_be_reused_after_code_or_contract_change) ... ok
test_readiness_does_not_claim_gate_b_or_require_future_artifacts (test_gate_a_finalization.GateAFinalizationTest.test_readiness_does_not_claim_gate_b_or_require_future_artifacts) ... ok
test_real_public_route_bypass_and_dead_code_block (test_gate_a_finalization.GateAFinalizationTest.test_real_public_route_bypass_and_dead_code_block) ... ok
test_sparse_endpoint_removal_blocks (test_gate_a_finalization.GateAFinalizationTest.test_sparse_endpoint_removal_blocks) ... ok
test_bounded_requested_interval_is_distinct_from_economic_target (test_historical_sparse.HistoricalSparseTest.test_bounded_requested_interval_is_distinct_from_economic_target) ... ok
test_child_partition_rejects_gap_overlap_and_selector_change (test_historical_sparse.HistoricalSparseTest.test_child_partition_rejects_gap_overlap_and_selector_change) ... ok
test_empty_coverage_is_durable_and_resume_does_not_recollect (test_historical_sparse.HistoricalSparseTest.test_empty_coverage_is_durable_and_resume_does_not_recollect) ... ok
test_failure_does_not_assert_empty (test_historical_sparse.HistoricalSparseTest.test_failure_does_not_assert_empty) ... ok
test_plan_has_large_scopes_and_reference_history (test_historical_sparse.HistoricalSparseTest.test_plan_has_large_scopes_and_reference_history) ... ok
test_split_aggregation_retains_parent_and_revalidates_children (test_historical_sparse.HistoricalSparseTest.test_split_aggregation_retains_parent_and_revalidates_children) ... ok
test_unknown_or_invalid_cap_cannot_create_split (test_historical_sparse.HistoricalSparseTest.test_unknown_or_invalid_cap_cannot_create_split) ... ok
test_real_supplier_timestamp_keeps_raw_and_precise_availability (test_holder_timestamp.HolderTimestampTest.test_real_supplier_timestamp_keeps_raw_and_precise_availability) ... ok
test_unkeyed_empty_records_are_explicitly_qualified_without_fake_periods (test_holder_timestamp.HolderTimestampTest.test_unkeyed_empty_records_are_explicitly_qualified_without_fake_periods) ... ok
test_full_identity_checked_once_and_boundaries_unchanged (test_identity_validation_batch.IdentityValidationBatchTest.test_full_identity_checked_once_and_boundaries_unchanged) ... ok
test_report_query_bounds_do_not_backdate_announcement_availability (test_indicator_bounds.IndicatorBoundsTest.test_report_query_bounds_do_not_backdate_announcement_availability) ... ok
test_gap_boundary_conflict_and_exchange_fail_closed (test_industry_qualification.IndustryQualificationTest.test_gap_boundary_conflict_and_exchange_fail_closed) ... ok
test_page_validation_requires_terminal_and_preserves_request (test_industry_qualification.IndustryQualificationTest.test_page_validation_requires_terminal_and_preserves_request) ... ok
test_real_full_source_counterexamples (test_industry_qualification.IndustryQualificationTest.test_real_full_source_counterexamples) ... ok
test_layout_matches_the_data_root_contract_without_writing (test_layout.DataRootLayoutTest.test_layout_matches_the_data_root_contract_without_writing) ... ok
test_relative_root_and_unsafe_segments_are_rejected (test_layout.DataRootLayoutTest.test_relative_root_and_unsafe_segments_are_rejected) ... ok
test_bad_selector_page_cannot_be_a_complete_checkpoint (test_legacy_checkpoint_recovery.LegacyCheckpointRecoveryTest.test_bad_selector_page_cannot_be_a_complete_checkpoint) ... ok
test_capped_batch_does_not_fork_unrecorded_pending_runs (test_legacy_checkpoint_recovery.LegacyCheckpointRecoveryTest.test_capped_batch_does_not_fork_unrecorded_pending_runs) ... ok
test_interrupted_child_resume_executes_only_failed_child (test_legacy_checkpoint_recovery.LegacyCheckpointRecoveryTest.test_interrupted_child_resume_executes_only_failed_child) ... ok
test_invalid_frozen_observed_raw_cannot_be_replaced_by_collection (test_legacy_checkpoint_recovery.LegacyCheckpointRecoveryTest.test_invalid_frozen_observed_raw_cannot_be_replaced_by_collection) ... ok
test_legacy_completed_100_executes_children_and_never_reuses_invalid_parent (test_legacy_checkpoint_recovery.LegacyCheckpointRecoveryTest.test_legacy_completed_100_executes_children_and_never_reuses_invalid_parent) ... ok
test_legacy_frozen_observed_binding_is_normalized_before_rejection (test_legacy_checkpoint_recovery.LegacyCheckpointRecoveryTest.test_legacy_frozen_observed_binding_is_normalized_before_rejection) ... ok
test_upgraded_needs_split_is_durable_before_recovery_or_source_call (test_legacy_checkpoint_recovery.LegacyCheckpointRecoveryTest.test_upgraded_needs_split_is_durable_before_recovery_or_source_call) ... ok
test_99_passes_profile_admission_and_build (test_source_completeness.SourceCompletenessTest.test_99_passes_profile_admission_and_build) ... ok
test_collector_retains_raw_before_rejection (test_source_completeness.SourceCompletenessTest.test_collector_retains_raw_before_rejection) ... ok
test_direct_payload_and_partial_raw_cannot_bypass (test_source_completeness.SourceCompletenessTest.test_direct_payload_and_partial_raw_cannot_bypass) ... ok
test_direct_public_builder_rejects_100_raw_for_current_and_legacy_profiles (test_source_completeness.SourceCompletenessTest.test_direct_public_builder_rejects_100_raw_for_current_and_legacy_profiles) ... ok
test_indicator_rejects_invented_pagination (test_source_completeness.SourceCompletenessTest.test_indicator_rejects_invented_pagination) ... ok
test_missing_policy_and_unknown_caps_are_not_complete (test_source_completeness.SourceCompletenessTest.test_missing_policy_and_unknown_caps_are_not_complete) ... ok
test_observed_raw_resume_revalidates_shared_admission (test_source_completeness.SourceCompletenessTest.test_observed_raw_resume_revalidates_shared_admission) ... ok
test_official_exchange_originals_keep_their_document_completeness_proof (test_source_completeness.SourceCompletenessTest.test_official_exchange_originals_keep_their_document_completeness_proof) ... ok
test_real_declared_pagination_requires_bound_terminal_pages (test_source_completeness.SourceCompletenessTest.test_real_declared_pagination_requires_bound_terminal_pages) ... ok
test_split_is_deterministic_bounded_and_single_day_fails (test_source_completeness.SourceCompletenessTest.test_split_is_deterministic_bounded_and_single_day_fails) ... ok
test_success_status_does_not_override_partial_summary (test_source_completeness.SourceCompletenessTest.test_success_status_does_not_override_partial_summary) ... ok
test_actual_negative_repayments_remain_unresolved_with_source_provenance (test_margin_qualification.MarginQualificationTest.test_actual_negative_repayments_remain_unresolved_with_source_provenance) ... ok
test_calendar_contract_rejects_supplier_exchange_and_missing_row_inference (test_market_contract.MarketContractTest.test_calendar_contract_rejects_supplier_exchange_and_missing_row_inference) ... ok
test_contract_loader_has_no_alias_or_unregistered_fallback (test_market_contract.MarketContractTest.test_contract_loader_has_no_alias_or_unregistered_fallback) ... ok
test_market_contract_identity_and_tables_are_exact (test_market_contract.MarketContractTest.test_market_contract_identity_and_tables_are_exact) ... ok
test_market_daily_field_order_is_frozen (test_market_contract.MarketContractTest.test_market_daily_field_order_is_frozen) ... ok
test_market_daily_key_economic_semantics_are_explicit (test_market_contract.MarketContractTest.test_market_daily_key_economic_semantics_are_explicit) ... ok
test_market_daily_rejects_illegal_normal_and_suspended_null_combinations (test_market_contract.MarketContractTest.test_market_daily_rejects_illegal_normal_and_suspended_null_combinations) ... ok
test_market_row_states_keep_normal_suspended_and_missing_distinct (test_market_contract.MarketContractTest.test_market_row_states_keep_normal_suspended_and_missing_distinct) ... ok
test_mixed_or_invalid_sort_key_is_a_market_contract_error (test_market_contract.MarketContractTest.test_mixed_or_invalid_sort_key_is_a_market_contract_error) ... ok
test_pre_close_can_differ_from_previous_row_close (test_market_contract.MarketContractTest.test_pre_close_can_differ_from_previous_row_close) ... ok
test_security_status_is_not_pit_eligibility_or_history_clipping (test_market_contract.MarketContractTest.test_security_status_is_not_pit_eligibility_or_history_clipping) ... ok
test_security_symbol_exchange_and_half_open_identity_bounds (test_market_contract.MarketContractTest.test_security_symbol_exchange_and_half_open_identity_bounds) ... ok
test_trading_calendar_keeps_closed_dates_and_nearest_open_predecessor (test_market_contract.MarketContractTest.test_trading_calendar_keeps_closed_dates_and_nearest_open_predecessor) ... ok
test_trading_calendar_rejects_any_gap_inside_each_exchange_coverage (test_market_contract.MarketContractTest.test_trading_calendar_rejects_any_gap_inside_each_exchange_coverage) ... ok
test_unhashable_primary_key_is_a_market_contract_error (test_market_contract.MarketContractTest.test_unhashable_primary_key_is_a_market_contract_error) ... ok
test_v1_normalized_contract_content_is_golden (test_market_contract.MarketContractTest.test_v1_normalized_contract_content_is_golden) ... ok
test_json_copy_keeps_deep_isolation_and_exact_content (test_market_materialization.MarketMaterializationTest.test_json_copy_keeps_deep_isolation_and_exact_content) ... ok
test_real_security_batches_equal_eager_mapping (test_market_materialization.MarketMaterializationTest.test_real_security_batches_equal_eager_mapping) ... ok
test_repeated_refs_verify_once_per_call_and_never_across_calls (test_observation_validation_cache.ObservationValidationCacheTest.test_repeated_refs_verify_once_per_call_and_never_across_calls) ... ok
test_daily_reuses_exact_observations_without_supplier_or_time_changes (test_observed_raw_reuse.ObservedRawReuseTest.test_daily_reuses_exact_observations_without_supplier_or_time_changes) ... ok
test_current_requalification_keeps_complete_series_per_commit (test_pagination_selectors.PaginationSelectorsTest.test_current_requalification_keeps_complete_series_per_commit) ... ok
test_industry_selector_mismatch_and_injected_date_selector_fail (test_pagination_selectors.PaginationSelectorsTest.test_industry_selector_mismatch_and_injected_date_selector_fail) ... ok
test_middle_and_terminal_mode_or_symbol_mismatch_cannot_complete (test_pagination_selectors.PaginationSelectorsTest.test_middle_and_terminal_mode_or_symbol_mismatch_cannot_complete) ... ok
test_page_field_and_source_bindings_are_required (test_pagination_selectors.PaginationSelectorsTest.test_page_field_and_source_bindings_are_required) ... ok
test_page_request_series_cannot_switch_selector (test_pagination_selectors.PaginationSelectorsTest.test_page_request_series_cannot_switch_selector) ... ok
test_valid_three_page_series_for_both_real_endpoints (test_pagination_selectors.PaginationSelectorsTest.test_valid_three_page_series_for_both_real_endpoints) ... ok
test_json_chunk_boundaries_and_malformed_arrays (test_partition_stream.PartitionStreamTest.test_json_chunk_boundaries_and_malformed_arrays) ... ok
test_published_v2_loader_dispatch_and_exact_legacy_values (test_partition_stream.PartitionStreamTest.test_published_v2_loader_dispatch_and_exact_legacy_values) ... ok
test_streamed_digest_keys_counts_and_mutation_fail_closed (test_partition_stream.PartitionStreamTest.test_streamed_digest_keys_counts_and_mutation_fail_closed) ... ok
test_calendar_rejects_request_metadata_and_payload_scope_mismatch (test_pr3_vertical_slice.Pr3VerticalSliceTest.test_calendar_rejects_request_metadata_and_payload_scope_mismatch) ... ok
test_calendar_request_and_payload_are_validated_per_raw_batch (test_pr3_vertical_slice.Pr3VerticalSliceTest.test_calendar_request_and_payload_are_validated_per_raw_batch) ... ok
test_calendar_request_scope_requires_every_day_and_exchange (test_pr3_vertical_slice.Pr3VerticalSliceTest.test_calendar_request_scope_requires_every_day_and_exchange) ... ok
test_committed_real_run_evidence_is_complete (test_pr3_vertical_slice.Pr3VerticalSliceTest.test_committed_real_run_evidence_is_complete) ... ok
test_frozen_raw_only_clean_rebuild_is_identical_and_offline (test_pr3_vertical_slice.Pr3VerticalSliceTest.test_frozen_raw_only_clean_rebuild_is_identical_and_offline) ... ok
test_independent_checker_catches_injected_production_volume_bug (test_pr3_vertical_slice.Pr3VerticalSliceTest.test_independent_checker_catches_injected_production_volume_bug) ... ok
test_independent_raw_expectations_freeze_market_mappings_and_join_key (test_pr3_vertical_slice.Pr3VerticalSliceTest.test_independent_raw_expectations_freeze_market_mappings_and_join_key) ... ok
test_pr3_offline_report_requires_source_and_rebuilt_refs (test_pr3_vertical_slice.Pr3VerticalSliceTest.test_pr3_offline_report_requires_source_and_rebuilt_refs) ... ok
test_pr3_report_ref_tampering_is_rejected_even_when_status_is_pass (test_pr3_vertical_slice.Pr3VerticalSliceTest.test_pr3_report_ref_tampering_is_rejected_even_when_status_is_pass) ... ok
test_pr3_report_refs_match_run_manifest (test_pr3_vertical_slice.Pr3VerticalSliceTest.test_pr3_report_refs_match_run_manifest) ... ok
test_real_source_raw_snapshot_reader_and_empty_staging_qlib_view (test_pr3_vertical_slice.Pr3VerticalSliceTest.test_real_source_raw_snapshot_reader_and_empty_staging_qlib_view) ... ok
test_real_suspend_evidence_creates_rows_but_daily_absence_does_not (test_pr3_vertical_slice.Pr3VerticalSliceTest.test_real_suspend_evidence_creates_rows_but_daily_absence_does_not) ... ok
test_reconciliation_classifies_differences_without_trusting_qsys (test_pr3_vertical_slice.Pr3VerticalSliceTest.test_reconciliation_classifies_differences_without_trusting_qsys) ... ok
test_source_profile_content_digest_changes_identity_and_rejects_old_raw (test_pr3_vertical_slice.Pr3VerticalSliceTest.test_source_profile_content_digest_changes_identity_and_rejects_old_raw) ... ok
test_source_profile_freezes_endpoint_units_mapping_and_pit_limits (test_pr3_vertical_slice.Pr3VerticalSliceTest.test_source_profile_freezes_endpoint_units_mapping_and_pit_limits) ... ok
test_tushare_raw_batch_identity_binds_envelope_schema (test_pr3_vertical_slice.Pr3VerticalSliceTest.test_tushare_raw_batch_identity_binds_envelope_schema) ... ok
test_tushare_requires_profile_bound_v2_but_v2_builds_normally (test_pr3_vertical_slice.Pr3VerticalSliceTest.test_tushare_requires_profile_bound_v2_but_v2_builds_normally) ... ok
test_unknown_nonempty_suspend_timing_is_rejected (test_pr3_vertical_slice.Pr3VerticalSliceTest.test_unknown_nonempty_suspend_timing_is_rejected) ... ok
test_adjusted_identity_anchor_guard_factview_and_qlib_equivalence (test_pr5_dm1.Pr5Dm1Test.test_adjusted_identity_anchor_guard_factview_and_qlib_equivalence) ... ok
test_catalog_rebuild_loads_and_indexes_all_formal_views (test_pr5_dm1.Pr5Dm1Test.test_catalog_rebuild_loads_and_indexes_all_formal_views) ... ok
test_committed_evidence_refs_and_pass_results_are_consistent (test_pr5_dm1.Pr5Dm1Test.test_committed_evidence_refs_and_pass_results_are_consistent) ... ok
test_cross_domain_conflict_and_unsupported_action_fail_before_snapshot (test_pr5_dm1.Pr5Dm1Test.test_cross_domain_conflict_and_unsupported_action_fail_before_snapshot) ... ok
test_d01_requires_two_explicit_loadable_immutable_snapshots (test_pr5_dm1.Pr5Dm1Test.test_d01_requires_two_explicit_loadable_immutable_snapshots) ... ok
test_dm1_contract_and_source_profile_content_is_golden (test_pr5_dm1.Pr5Dm1Test.test_dm1_contract_and_source_profile_content_is_golden) ... ok
test_dm1_snapshot_views_and_classification (test_pr5_dm1.Pr5Dm1Test.test_dm1_snapshot_views_and_classification) ... ok
test_each_dm1_raw_request_is_validated_before_payload_aggregation (test_pr5_dm1.Pr5Dm1Test.test_each_dm1_raw_request_is_validated_before_payload_aggregation) ... ok
test_independent_benchmark_and_action_checkers_catch_builder_bugs (test_pr5_dm1.Pr5Dm1Test.test_independent_benchmark_and_action_checkers_catch_builder_bugs) ... ok
test_intraday_suspension_and_unsupported_action_terms_block_build (test_pr5_dm1.Pr5Dm1Test.test_intraday_suspension_and_unsupported_action_terms_block_build) ... ok
test_observed_source_ref_must_be_in_transitive_raw_lineage (test_pr5_dm1.Pr5Dm1Test.test_observed_source_ref_must_be_in_transitive_raw_lineage) ... ok
test_pit_qualification_strict_cutoff_and_view_policy_cannot_be_forged (test_pr5_dm1.Pr5Dm1Test.test_pit_qualification_strict_cutoff_and_view_policy_cannot_be_forged) ... ok
test_raw_only_offline_recovery_catalog_corruption_and_old_snapshot_coexist (test_pr5_dm1.Pr5Dm1Test.test_raw_only_offline_recovery_catalog_corruption_and_old_snapshot_coexist) ... ok
test_scope_manifest_freezes_pr4_partition_without_deferred_overlap (test_pr5_dm1.Pr5Dm1Test.test_scope_manifest_freezes_pr4_partition_without_deferred_overlap) ... ok
test_source_profile_and_every_new_raw_are_semantically_bound_v2 (test_pr5_dm1.Pr5Dm1Test.test_source_profile_and_every_new_raw_are_semantically_bound_v2) ... ok
test_builder_rejects_forged_per_batch_scope_and_profile (test_pr6_artifacts.Pr6ArtifactTest.test_builder_rejects_forged_per_batch_scope_and_profile) ... ok
test_financial_aba_and_clean_replay (test_pr6_artifacts.Pr6ArtifactTest.test_financial_aba_and_clean_replay) ... ok
test_incremental_exit_reentry_correction_and_replay (test_pr6_artifacts.Pr6ArtifactTest.test_incremental_exit_reentry_correction_and_replay) ... ok
test_individual_batch_request_rejects_other_security_and_period (test_pr6_artifacts.Pr6ArtifactTest.test_individual_batch_request_rejects_other_security_and_period) ... ok
test_later_membership_boundary_does_not_rewrite_observed_prefix (test_pr6_artifacts.Pr6ArtifactTest.test_later_membership_boundary_does_not_rewrite_observed_prefix) ... ok
test_raw_mapping_revision_retention_and_repeated_observation (test_pr6_artifacts.Pr6ArtifactTest.test_raw_mapping_revision_retention_and_repeated_observation) ... ok
test_snapshot_security_dependency_is_enforced (test_pr6_artifacts.Pr6ArtifactTest.test_snapshot_security_dependency_is_enforced) ... ok
test_valuation_requires_an_open_calendar_session (test_pr6_artifacts.Pr6ArtifactTest.test_valuation_requires_an_open_calendar_session) ... ok
test_distinct_ttm_missing_reasons_and_components (test_pr6_coverage.CoverageTest.test_distinct_ttm_missing_reasons_and_components) ... ok
test_middle_date_and_security_gaps (test_pr6_coverage.CoverageTest.test_middle_date_and_security_gaps) ... ok
test_actual_artifacts_and_offline_recovery_validate (test_pr6_evidence.Pr6EvidenceTest.test_actual_artifacts_and_offline_recovery_validate) ... ok
test_coordinated_fake_refs_and_root_substitution_fail (test_pr6_evidence.Pr6EvidenceTest.test_coordinated_fake_refs_and_root_substitution_fail) ... ok
test_coordinated_pass_claims_cannot_replace_measurements (test_pr6_evidence.Pr6EvidenceTest.test_coordinated_pass_claims_cannot_replace_measurements) ... ok
test_published_v1_and_v2_evidence_remain_readable (test_pr6_evidence.Pr6EvidenceTest.test_published_v1_and_v2_evidence_remain_readable) ... ok
test_empty_group_isolation_reentry_rebuild_and_source_gap (test_pr6_final_probes.FinalProbes.test_empty_group_isolation_reentry_rebuild_and_source_gap) ... ok
test_future_visibility (test_pr6_final_probes.FinalProbes.test_future_visibility) ... ok
test_prefix_stability (test_pr6_final_probes.FinalProbes.test_prefix_stability) ... ok
test_real_old_view (test_pr6_final_probes.FinalProbes.test_real_old_view) ... ok
test_universe_empty_state (test_pr6_final_probes.FinalProbes.test_universe_empty_state) ... ok
test_snapshot_read_union_cohort_industry_and_qlib (test_pr6_integration.Pr6IntegrationTest.test_snapshot_read_union_cohort_industry_and_qlib) ... ok
test_snapshots_keep_historical_financial_prefix (test_pr6_integration.Pr6IntegrationTest.test_snapshots_keep_historical_financial_prefix) ... ok
test_half_open_entry_exit_reentry_and_historical_union (test_pr6_pit.Pr6PitTest.test_half_open_entry_exit_reentry_and_historical_union) ... ok
test_missing_quarter_nan_and_report_type (test_pr6_pit.Pr6PitTest.test_missing_quarter_nan_and_report_type) ... ok
test_old_vendor_date_cannot_backfill_new_revision (test_pr6_pit.Pr6PitTest.test_old_vendor_date_cannot_backfill_new_revision) ... ok
test_same_date_multiple_periods_and_conflicting_versions (test_pr6_pit.Pr6PitTest.test_same_date_multiple_periods_and_conflicting_versions) ... ok
test_ttm_components_and_max_availability (test_pr6_pit.Pr6PitTest.test_ttm_components_and_max_availability) ... ok
test_verified_remains_closed_and_timezones_are_absolute (test_pr6_pit.Pr6PitTest.test_verified_remains_closed_and_timezones_are_absolute) ... ok
test_empty_correction_and_return_with_projection (test_pr6_projection.MembershipProjectionTest.test_empty_correction_and_return_with_projection) ... ok
test_known_nonmember_and_exit_are_empty (test_pr6_projection.MembershipProjectionTest.test_known_nonmember_and_exit_are_empty) ... ok
test_missing_unrequested_member_still_fails (test_pr6_projection.MembershipProjectionTest.test_missing_unrequested_member_still_fails) ... ok
test_multiple_symbols_projection (test_pr6_projection.MembershipProjectionTest.test_multiple_symbols_projection) ... ok
test_real_full_and_688981_projection (test_pr6_projection.MembershipProjectionTest.test_real_full_and_688981_projection) ... ok
test_unknown_security_keeps_admission_error (test_pr6_projection.MembershipProjectionTest.test_unknown_security_keeps_admission_error) ... ok
test_projection_still_requires_complete_scope_admission (test_pr6_valuation_projection.ValuationProjectionTest.test_projection_still_requires_complete_scope_admission) ... ok
test_scoped_selection_keeps_future_and_aba_revisions (test_pr6_valuation_projection.ValuationProjectionTest.test_scoped_selection_keeps_future_and_aba_revisions) ... ok
test_calendar_interior_gap_fails (test_pr7_projection.Pr7ProjectionTest.test_calendar_interior_gap_fails) ... ok
test_closed_day_direct_projection_fails (test_pr7_projection.Pr7ProjectionTest.test_closed_day_direct_projection_fails) ... ok
test_each_symbol_uses_own_open_sessions_and_qlib_agrees (test_pr7_projection.Pr7ProjectionTest.test_each_symbol_uses_own_open_sessions_and_qlib_agrees) ... ok
test_exchange_mapping_mismatch_and_unknown_fail (test_pr7_projection.Pr7ProjectionTest.test_exchange_mapping_mismatch_and_unknown_fail) ... ok
test_forecast_metadata_declares_snapshot_contract_even_when_missing (test_pr7_projection.Pr7ProjectionTest.test_forecast_metadata_declares_snapshot_contract_even_when_missing) ... ok
test_incomplete_latest_top10_does_not_fall_back (test_pr7_projection.Pr7ProjectionTest.test_incomplete_latest_top10_does_not_fall_back) ... ok
test_matching_exchange_calendars_pass (test_pr7_projection.Pr7ProjectionTest.test_matching_exchange_calendars_pass) ... ok
test_old_period_late_revision_cannot_replace_q1 (test_pr7_projection.Pr7ProjectionTest.test_old_period_late_revision_cannot_replace_q1) ... ok
test_same_period_revision_new_period_and_future_visibility (test_pr7_projection.Pr7ProjectionTest.test_same_period_revision_new_period_and_future_visibility) ... ok
test_szse_with_only_sse_and_mixed_missing_calendar_fail (test_pr7_projection.Pr7ProjectionTest.test_szse_with_only_sse_and_mixed_missing_calendar_fail) ... ok
test_batch_matches_every_direct_fact_and_metadata_at_multiple_cutoffs (test_pr7_projection_batching.Pr7ProjectionBatchingTest.test_batch_matches_every_direct_fact_and_metadata_at_multiple_cutoffs) ... ok
test_complete_subset_membership_regression (test_pr7_real.Pr7RealTest.test_complete_subset_membership_regression) ... ok
test_insufficient_and_unknown_scope_fail (test_pr7_real.Pr7RealTest.test_insufficient_and_unknown_scope_fail) ... ok
test_legacy_guard_is_enforced_and_reads_work (test_pr7_real.Pr7RealTest.test_legacy_guard_is_enforced_and_reads_work) ... ok
test_operational_before_actual_observation_is_missing (test_pr7_real.Pr7RealTest.test_operational_before_actual_observation_is_missing) ... ok
test_published_pr7_v1_view_still_loads (test_pr7_real.Pr7RealTest.test_published_pr7_v1_view_still_loads) ... ok
test_qlib_numeric_and_typed_metadata (test_pr7_real.Pr7RealTest.test_qlib_numeric_and_typed_metadata) ... ok
test_real_holder_group_and_forecast (test_pr7_real.Pr7RealTest.test_real_holder_group_and_forecast) ... ok
test_shareholder_only_extension_preserves_other_domains_and_prefix (test_pr7_real.Pr7RealTest.test_shareholder_only_extension_preserves_other_domains_and_prefix) ... ok
test_view_corruption_rejected (test_pr7_real.Pr7RealTest.test_view_corruption_rejected) ... ok
test_history_nodes_are_loaded_once_then_query_reuses_reader_index (test_pr7_request_index.RequestCoverageIndexTest.test_history_nodes_are_loaded_once_then_query_reuses_reader_index) ... ok
test_reader_local_intervals_keep_scope_and_new_reader_integrity (test_pr7_request_index.RequestCoverageIndexTest.test_reader_local_intervals_keep_scope_and_new_reader_integrity) ... ok
test_exact_partition_and_public_owners (test_pr7_scope.Pr7ScopeTest.test_exact_partition_and_public_owners) ... ok
test_different_periods_remain_separate (test_pr7_source.Pr7SourceTest.test_different_periods_remain_separate) ... ok
test_forecast_publication_revision_prefix (test_pr7_source.Pr7SourceTest.test_forecast_publication_revision_prefix) ... ok
test_forged_canonical_mapping_fails_closed (test_pr7_source.Pr7SourceTest.test_forged_canonical_mapping_fails_closed) ... ok
test_full_incomplete_revision_null_holder_and_reentry (test_pr7_source.Pr7SourceTest.test_full_incomplete_revision_null_holder_and_reentry) ... ok
test_holder_count_revision_and_zero (test_pr7_source.Pr7SourceTest.test_holder_count_revision_and_zero) ... ok
test_margin_zero_and_missing_distinct (test_pr7_source.Pr7SourceTest.test_margin_zero_and_missing_distinct) ... ok
test_missing_holder_corruption_rejected (test_pr7_source.Pr7SourceTest.test_missing_holder_corruption_rejected) ... ok
test_moneyflow_independent_units_and_sign (test_pr7_source.Pr7SourceTest.test_moneyflow_independent_units_and_sign) ... ok
test_raw_scope_limit_and_unknown_profile (test_pr7_source.Pr7SourceTest.test_raw_scope_limit_and_unknown_profile) ... ok
test_same_publication_conflict_is_rejected (test_pr7_source.Pr7SourceTest.test_same_publication_conflict_is_rejected) ... ok
test_same_retrieval_publication_order_and_visible_world (test_pr7_source.Pr7SourceTest.test_same_retrieval_publication_order_and_visible_world) ... ok
test_source_gap_does_not_create_empty_report (test_pr7_source.Pr7SourceTest.test_source_gap_does_not_create_empty_report) ... ok
test_verified_fail_closed (test_pr7_source.Pr7SourceTest.test_verified_fail_closed) ... ok
test_wrong_request_and_duplicate_holder_rejected (test_pr7_source.Pr7SourceTest.test_wrong_request_and_duplicate_holder_rejected) ... ok
test_all_operations_reject_manually_published_100_row_indicator (test_public_source_scope.PublicSourceScopeTest.test_all_operations_reject_manually_published_100_row_indicator) ... ok
test_daily_rejects_widening_before_collection (test_public_source_scope.PublicSourceScopeTest.test_daily_rejects_widening_before_collection) ... ok
test_direct_bootstrap_daily_repair_produce_identical_scoped_artifacts (test_public_source_scope.PublicSourceScopeTest.test_direct_bootstrap_daily_repair_produce_identical_scoped_artifacts) ... ok
test_loader_rejects_rehashed_manifest_claiming_unrequested_scope (test_public_source_scope.PublicSourceScopeTest.test_loader_rejects_rehashed_manifest_claiming_unrequested_scope) ... ok
test_public_schema_rejects_unrelated_domains_unknown_keys_and_bad_bounds (test_public_source_scope.PublicSourceScopeTest.test_public_schema_rejects_unrelated_domains_unknown_keys_and_bad_bounds) ... ok
test_scope_guard_rejects_raw_holes_missing_exchange_and_mapping_mismatch (test_public_source_scope.PublicSourceScopeTest.test_scope_guard_rejects_raw_holes_missing_exchange_and_mapping_mismatch) ... ok
test_each_read_validates_once_and_rejects_later_corruption (test_reader_validation_reuse.ReaderValidationReuseTest.test_each_read_validates_once_and_rejects_later_corruption) ... ok
test_inspection_validates_once_without_materializing_public_facts (test_reader_validation_reuse.ReaderValidationReuseTest.test_inspection_validates_once_without_materializing_public_facts) ... ok
test_publication_checks_composition_once_and_public_load_checks_again (test_reader_validation_reuse.ReaderValidationReuseTest.test_publication_checks_composition_once_and_public_load_checks_again) ... ok
test_cli_reports_recovery_failure_with_nonzero_result (test_recovery_operation.RecoveryOperationTest.test_cli_reports_recovery_failure_with_nonzero_result) ... ok
test_fact_view_exact_rebuild_requires_restoring_original_bytes (test_recovery_operation.RecoveryOperationTest.test_fact_view_exact_rebuild_requires_restoring_original_bytes) ... ok
test_invalid_rebuild_arguments_leave_no_run_record (test_recovery_operation.RecoveryOperationTest.test_invalid_rebuild_arguments_leave_no_run_record) ... ok
test_network_attempt_cannot_be_reported_as_recovered (test_recovery_operation.RecoveryOperationTest.test_network_attempt_cannot_be_reported_as_recovered) ... ok
test_offline_recovery_rebuilds_catalog_and_rechecks_completed_run (test_recovery_operation.RecoveryOperationTest.test_offline_recovery_rebuilds_catalog_and_rechecks_completed_run) ... ok
test_plan_changes_missing_views_and_wrong_digests_fail (test_recovery_operation.RecoveryOperationTest.test_plan_changes_missing_views_and_wrong_digests_fail) ... ok
test_published_pr6_v1_is_read_with_its_original_contract (test_recovery_operation.RecoveryOperationTest.test_published_pr6_v1_is_read_with_its_original_contract) ... ok
test_rebuild_restores_exact_required_view (test_recovery_operation.RecoveryOperationTest.test_rebuild_restores_exact_required_view) ... ok
test_interior_gap_null_zero_and_exchange_scope_remain_distinct (test_scope_coverage.ScopeCoverageTest.test_interior_gap_null_zero_and_exchange_scope_remain_distinct) ... ok
test_public_reads_prune_months_after_full_validation_and_reject_corruption (test_session_partition_reads.SessionPartitionReadTest.test_public_reads_prune_months_after_full_validation_and_reject_corruption) ... ok
test_missing_bar_full_session_and_invalid_timing_fail_closed (test_session_suspension.SessionSuspensionTest.test_missing_bar_full_session_and_invalid_timing_fail_closed) ... ok
test_real_intraday_events_preserve_traded_bars_and_status (test_session_suspension.SessionSuspensionTest.test_real_intraday_events_preserve_traded_bars_and_status) ... ok
test_resumption_event_does_not_collide_with_full_day_halt_key (test_session_suspension.SessionSuspensionTest.test_resumption_event_does_not_collide_with_full_day_halt_key) ... ok
test_untimed_halt_with_traded_bar_does_not_assert_full_day (test_session_suspension.SessionSuspensionTest.test_untimed_halt_with_traded_bar_does_not_assert_full_day) ... ok
test_v2_real_multiple_intervals_and_opening_auction_boundary (test_session_suspension.SessionSuspensionTest.test_v2_real_multiple_intervals_and_opening_auction_boundary) ... ok
test_v3_only_applies_exact_issuer_qualified_cases (test_session_suspension.SessionSuspensionTest.test_v3_only_applies_exact_issuer_qualified_cases) ... ok
test_only_transient_rate_errors_retry (test_source_client.SourceClientTest.test_only_transient_rate_errors_retry) ... ok
test_99_passes_profile_admission_and_build (test_source_completeness.SourceCompletenessTest.test_99_passes_profile_admission_and_build) ... ok
test_collector_retains_raw_before_rejection (test_source_completeness.SourceCompletenessTest.test_collector_retains_raw_before_rejection) ... ok
test_direct_payload_and_partial_raw_cannot_bypass (test_source_completeness.SourceCompletenessTest.test_direct_payload_and_partial_raw_cannot_bypass) ... ok
test_direct_public_builder_rejects_100_raw_for_current_and_legacy_profiles (test_source_completeness.SourceCompletenessTest.test_direct_public_builder_rejects_100_raw_for_current_and_legacy_profiles) ... ok
test_indicator_rejects_invented_pagination (test_source_completeness.SourceCompletenessTest.test_indicator_rejects_invented_pagination) ... ok
test_missing_policy_and_unknown_caps_are_not_complete (test_source_completeness.SourceCompletenessTest.test_missing_policy_and_unknown_caps_are_not_complete) ... ok
test_observed_raw_resume_revalidates_shared_admission (test_source_completeness.SourceCompletenessTest.test_observed_raw_resume_revalidates_shared_admission) ... ok
test_official_exchange_originals_keep_their_document_completeness_proof (test_source_completeness.SourceCompletenessTest.test_official_exchange_originals_keep_their_document_completeness_proof) ... ok
test_real_declared_pagination_requires_bound_terminal_pages (test_source_completeness.SourceCompletenessTest.test_real_declared_pagination_requires_bound_terminal_pages) ... ok
test_split_is_deterministic_bounded_and_single_day_fails (test_source_completeness.SourceCompletenessTest.test_split_is_deterministic_bounded_and_single_day_fails) ... ok
test_success_status_does_not_override_partial_summary (test_source_completeness.SourceCompletenessTest.test_success_status_does_not_override_partial_summary) ... ok
test_same_raw_is_revalidated_on_v1_to_v2_and_v2_replay_is_stable (test_source_coverage.CoveragePolicyTransitionTest.test_same_raw_is_revalidated_on_v1_to_v2_and_v2_replay_is_stable) ... ok
test_same_v2_raw_revalidated_when_effective_contract_changes (test_source_coverage.CoveragePolicyTransitionTest.test_same_v2_raw_revalidated_when_effective_contract_changes) ... ok
test_current_bootstrap_cannot_reuse_legacy_policy_admission (test_source_coverage.SourceCoverageTest.test_current_bootstrap_cannot_reuse_legacy_policy_admission) ... ok
test_direct_v2_build_requalifies_legacy_parent_before_inheriting_rows (test_source_coverage.SourceCoverageTest.test_direct_v2_build_requalifies_legacy_parent_before_inheriting_rows) ... ok
test_empty_complete_expands_identity_scope_and_exact_offline_replay (test_source_coverage.SourceCoverageTest.test_empty_complete_expands_identity_scope_and_exact_offline_replay) ... ok
test_empty_partial_or_truncated_is_retained_but_not_admitted (test_source_coverage.SourceCoverageTest.test_empty_partial_or_truncated_is_retained_but_not_admitted) ... ok
test_legacy_row_equality_cannot_discard_new_empty_raw (test_source_coverage.SourceCoverageTest.test_legacy_row_equality_cannot_discard_new_empty_raw) ... ok
test_rehashed_forged_coverage_is_rejected_against_immutable_raw (test_source_coverage.SourceCoverageTest.test_rehashed_forged_coverage_is_rejected_against_immutable_raw) ... ok
test_actual_forecast_labels_require_new_contract_and_remain_verbatim (test_source_label_qualification.SourceLabelQualificationTest.test_actual_forecast_labels_require_new_contract_and_remain_verbatim) ... ok
test_actual_zero_pairs_are_unknown_and_other_invalid_pairs_fail (test_source_label_qualification.SourceLabelQualificationTest.test_actual_zero_pairs_are_unknown_and_other_invalid_pairs_fail) ... ok
test_complete_plans_sort_pages_and_keep_selectors_separate (test_source_page_evidence.SourcePageEvidenceTest.test_complete_plans_sort_pages_and_keep_selectors_separate) ... ok
test_duplicate_observations_must_not_be_merged_across_commit_boundaries (test_source_page_evidence.SourcePageEvidenceTest.test_duplicate_observations_must_not_be_merged_across_commit_boundaries) ... ok
test_grouping_reuses_shared_scope_and_result_guards (test_source_page_evidence.SourcePageEvidenceTest.test_grouping_reuses_shared_scope_and_result_guards) ... ok
test_missing_first_middle_or_terminal_page_never_completes (test_source_page_evidence.SourcePageEvidenceTest.test_missing_first_middle_or_terminal_page_never_completes) ... ok
test_all_formal_endpoint_contracts_are_executable_and_qualified (test_source_policy_contracts.SourcePolicyContractTest.test_all_formal_endpoint_contracts_are_executable_and_qualified) ... ok
test_calendar_requires_all_civil_days_not_only_open_sessions (test_source_policy_contracts.SourcePolicyContractTest.test_calendar_requires_all_civil_days_not_only_open_sessions) ... ok
test_documented_response_contracts_keep_real_caps_and_dates (test_source_policy_contracts.SourcePolicyContractTest.test_documented_response_contracts_keep_real_caps_and_dates) ... ok
test_extension_changes_identity_and_legacy_projection_stays_frozen (test_source_policy_contracts.SourcePolicyContractTest.test_extension_changes_identity_and_legacy_projection_stays_frozen) ... ok
test_industry_payload_without_explicit_scope_cannot_claim_complete (test_source_policy_contracts.SourcePolicyContractTest.test_industry_payload_without_explicit_scope_cannot_claim_complete) ... ok
test_monthly_and_security_only_sources_preserve_actual_capabilities (test_source_policy_contracts.SourcePolicyContractTest.test_monthly_and_security_only_sources_preserve_actual_capabilities) ... ok
test_old_unbound_raw_is_revalidated_without_rewriting_it (test_source_policy_contracts.SourcePolicyContractTest.test_old_unbound_raw_is_revalidated_without_rewriting_it) ... ok
test_pagination_without_terminal_rule_is_blocked (test_source_policy_contracts.SourcePolicyContractTest.test_pagination_without_terminal_rule_is_blocked) ... ok
test_removing_rules_or_historical_contract_blocks_current_admission (test_source_policy_contracts.SourcePolicyContractTest.test_removing_rules_or_historical_contract_blocks_current_admission) ... ok
test_required_indicator_rule_cannot_fall_back_to_legacy_policy (test_source_policy_contracts.SourcePolicyContractTest.test_required_indicator_rule_cannot_fall_back_to_legacy_policy) ... ok
test_snapshot_proofs_are_not_empty_sparse_event_proofs (test_source_policy_contracts.SourcePolicyContractTest.test_snapshot_proofs_are_not_empty_sparse_event_proofs) ... ok
test_canonical_history_gaps_and_anomaly_fail_closed (test_sw_industry.SwIndustryTest.test_canonical_history_gaps_and_anomaly_fail_closed) ... ok
test_complete_history_correction_and_return_preserve_operational_prefix (test_sw_industry.SwIndustryTest.test_complete_history_correction_and_return_preserve_operational_prefix) ... ok
test_conflicts_and_absent_mapping_fail (test_sw_mapping.SwMappingTest.test_conflicts_and_absent_mapping_fail) ... ok
test_real_mapping_keeps_raw_and_provenance (test_sw_mapping.SwMappingTest.test_real_mapping_keeps_raw_and_provenance) ... ok
test_real_stable_history_gaps_fail_pilot (test_sw_qualification.SwQualificationTest.test_real_stable_history_gaps_fail_pilot) ... ok
test_frozen_anomalous_observation_is_not_canonical (test_sw_source.SwSourceTest.test_frozen_anomalous_observation_is_not_canonical) ... ok
test_request_scope_and_truncation (test_sw_source.SwSourceTest.test_request_scope_and_truncation) ... ok
test_real_snapshot_fact_qlib_and_nochange (test_sw_view.SwViewTest.test_real_snapshot_fact_qlib_and_nochange) ... ok
test_real_conflict_retains_raw_invalidates_aggregate_and_later_correction (test_top10_qualification.Top10QualificationTest.test_real_conflict_retains_raw_invalidates_aggregate_and_later_correction) ... ok
test_real_impossible_total_is_missing_without_rescaling (test_top10_qualification.Top10QualificationTest.test_real_impossible_total_is_missing_without_rescaling) ... ok
test_real_observations_new_root_and_fail_closed_date_projection (test_undated_actions.UndatedActionsTest.test_real_observations_new_root_and_fail_closed_date_projection) ... ok
test_repeated_action_scan_retains_first_evidence_and_real_revisions (test_undated_actions.UndatedActionsTest.test_repeated_action_scan_retains_first_evidence_and_real_revisions) ... ok
test_complete_acquisition_incremental_empty_and_reentry (test_universe_acquisition.UniverseAcquisitionTest.test_complete_acquisition_incremental_empty_and_reentry) ... ok
test_empty_ranged_request_is_not_empty_state (test_universe_acquisition.UniverseAcquisitionTest.test_empty_ranged_request_is_not_empty_state) ... ok
test_incomplete_overlapping_or_backdated_bundle_fails (test_universe_acquisition.UniverseAcquisitionTest.test_incomplete_overlapping_or_backdated_bundle_fails) ... ok
test_limit_and_wrong_date_fail_closed (test_v1_bulk_source.BulkSourceTest.test_limit_and_wrong_date_fail_closed) ... ok
test_v2_batch_mapping_and_v1_dispatch (test_v1_bulk_source.BulkSourceTest.test_v2_batch_mapping_and_v1_dispatch) ... ok
test_candidate_is_not_promoted_and_failed_raw_is_retained (test_v1_candidate.CandidateTest.test_candidate_is_not_promoted_and_failed_raw_is_retained) ... ok
test_repair_requires_explicit_snapshot_before_writing (test_v1_candidate.CandidateTest.test_repair_requires_explicit_snapshot_before_writing) ... ok
test_2501_chain_and_repeated_ref_cache (test_v1_lineage.LineageTest.test_2501_chain_and_repeated_ref_cache) ... ok
test_cycle_rejected_and_active_state_cleaned (test_v1_lineage.LineageTest.test_cycle_rejected_and_active_state_cleaned) ... ok
test_parent_integrity_and_contract_checks_remain (test_v1_lineage.LineageTest.test_parent_integrity_and_contract_checks_remain) ... ok
test_failed_collection_resumes_exact_raw_and_seals_files (test_v1_operations.OperationTest.test_failed_collection_resumes_exact_raw_and_seals_files) ... ok
test_secret_or_domain_mismatch_rejected_before_run_write (test_v1_operations.OperationTest.test_secret_or_domain_mismatch_rejected_before_run_write) ... ok
test_daily_reuses_complete_unchanged_objects_and_old_schema (test_v1_partitions.PartitionTest.test_daily_reuses_complete_unchanged_objects_and_old_schema) ... ok
test_real_delisted_security_cannot_publish_unverified_boundary (test_v1_source_blockers.SourceBlockerTest.test_real_delisted_security_cannot_publish_unverified_boundary) ... ok
test_real_listing_day_null_industry_is_not_a_classification (test_v1_source_blockers.SourceBlockerTest.test_real_listing_day_null_industry_is_not_a_classification) ... ok
test_normal_new_day_does_not_expire_semantics_but_data_checks_remain (test_v1_validation.ApplicabilityTest.test_normal_new_day_does_not_expire_semantics_but_data_checks_remain) ... ok
test_all_five_view_kinds_share_one_checked_snapshot (test_view_operation.ViewOperationTest.test_all_five_view_kinds_share_one_checked_snapshot) ... ok
test_required_failure_resume_and_execution_record_substitution (test_view_operation.ViewOperationTest.test_required_failure_resume_and_execution_record_substitution) ... ok

----------------------------------------------------------------------
Ran 348 tests in 131.631s

OK
