test_catalog_can_be_deleted_and_rebuilt_from_manifests (test_artifacts.ArtifactTest.test_catalog_can_be_deleted_and_rebuilt_from_manifests) ... ok
test_clean_offline_rebuild_has_identical_logical_artifacts (test_artifacts.ArtifactTest.test_clean_offline_rebuild_has_identical_logical_artifacts) ... ok
test_conflicting_raw_values_do_not_use_last_write_wins (test_artifacts.ArtifactTest.test_conflicting_raw_values_do_not_use_last_write_wins) ... ok
test_cross_domain_market_validation (test_artifacts.ArtifactTest.test_cross_domain_market_validation) ... ok
test_domain_default_time_retry_is_idempotent (test_artifacts.ArtifactTest.test_domain_default_time_retry_is_idempotent) ... ok
test_domain_genesis_manifest_and_contract_provenance_are_complete (test_artifacts.ArtifactTest.test_domain_genesis_manifest_and_contract_provenance_are_complete) ... ok
test_failed_canonical_build_keeps_raw_and_publishes_no_commit (test_artifacts.ArtifactTest.test_failed_canonical_build_keeps_raw_and_publishes_no_commit) ... ok
test_full_closure_and_catalog_reject_deleted_raw (test_artifacts.ArtifactTest.test_full_closure_and_catalog_reject_deleted_raw) ... ok
test_full_closure_rejects_replaced_parent (test_artifacts.ArtifactTest.test_full_closure_rejects_replaced_parent) ... ok
test_incremental_uses_explicit_parent_and_preserves_raw_order (test_artifacts.ArtifactTest.test_incremental_uses_explicit_parent_and_preserves_raw_order) ... ok
test_missing_wrong_type_cross_contract_and_patch_refs_are_rejected (test_artifacts.ArtifactTest.test_missing_wrong_type_cross_contract_and_patch_refs_are_rejected) ... ok
test_output_and_builder_implementation_are_identity_inputs (test_artifacts.ArtifactTest.test_output_and_builder_implementation_are_identity_inputs) ... ok
test_pr2_raw_batch_v1_remains_loadable_in_catalog_but_requires_current_proof (test_artifacts.ArtifactTest.test_pr2_raw_batch_v1_remains_loadable_in_catalog_but_requires_current_proof) ... ok
test_raw_batch_is_append_only_and_offline_readable (test_artifacts.ArtifactTest.test_raw_batch_is_append_only_and_offline_readable) ... ok
test_read_paths_reject_symlink_ancestors_and_manifest_escape (test_artifacts.ArtifactTest.test_read_paths_reject_symlink_ancestors_and_manifest_escape) ... ok
test_snapshot_default_time_retry_is_idempotent (test_artifacts.ArtifactTest.test_snapshot_default_time_retry_is_idempotent) ... ok
test_snapshot_is_immutable_fixed_composition (test_artifacts.ArtifactTest.test_snapshot_is_immutable_fixed_composition) ... ok
test_snapshot_rejects_missing_and_nonexistent_domain_commits (test_artifacts.ArtifactTest.test_snapshot_rejects_missing_and_nonexistent_domain_commits) ... ok
test_symlink_cannot_bypass_immutable_target (test_artifacts.ArtifactTest.test_symlink_cannot_bypass_immutable_target) ... ok
test_synthetic_source_proof_is_payload_bound_and_legacy_projection_unchanged (test_artifacts.ArtifactTest.test_synthetic_source_proof_is_payload_bound_and_legacy_projection_unchanged) ... ok
test_target_collision_does_not_overwrite_original_commit (test_artifacts.ArtifactTest.test_target_collision_does_not_overwrite_original_commit) ... ok
test_scope_restores_production_callables_even_after_failure (test_artifacts.SyntheticSourceIsolationTest.test_scope_restores_production_callables_even_after_failure) ... ok
test_current_readiness_keeps_future_execution_gaps_separate (test_gate_a.GateATest.test_current_readiness_keeps_future_execution_gaps_separate) ... ok
test_evidence_entry_signature_is_checked (test_gate_a.GateATest.test_evidence_entry_signature_is_checked) ... ok
test_historical_anchors_follow_each_identity_without_shrinking_target (test_gate_a.GateATest.test_historical_anchors_follow_each_identity_without_shrinking_target) ... ok
test_missing_planner_and_internal_window_hole_block (test_gate_a.GateATest.test_missing_planner_and_internal_window_hole_block) ... ok
test_missing_policy_and_bypassed_shared_cap_block (test_gate_a.GateATest.test_missing_policy_and_bypassed_shared_cap_block) ... ok
test_missing_required_profile_blocks_its_real_source (test_gate_a.GateATest.test_missing_required_profile_blocks_its_real_source) ... ok
test_registry_public_binding_and_terminal_requirements_cannot_be_weakened (test_gate_a.GateATest.test_registry_public_binding_and_terminal_requirements_cannot_be_weakened) ... ok
test_terminal_flags_cannot_substitute_for_bound_evidence (test_gate_a.GateATest.test_terminal_flags_cannot_substitute_for_bound_evidence) ... ok
test_plan_and_validation_use_public_readonly_services (test_gate_a_cli.GateACliTest.test_plan_and_validation_use_public_readonly_services) ... ok
test_accepted_reference_evidence_cannot_be_replaced (test_gate_a_finalization.GateAFinalizationTest.test_accepted_reference_evidence_cannot_be_replaced) ... ok
test_missing_actual_bulk_entry_is_not_a_deferred_gate_b_gap (test_gate_a_finalization.GateAFinalizationTest.test_missing_actual_bulk_entry_is_not_a_deferred_gate_b_gap) ... ok
test_missing_policy_bad_pagination_and_unknown_history_block_real_gate (test_gate_a_finalization.GateAFinalizationTest.test_missing_policy_bad_pagination_and_unknown_history_block_real_gate) ... ok
test_pass_cannot_be_reused_after_code_or_contract_change (test_gate_a_finalization.GateAFinalizationTest.test_pass_cannot_be_reused_after_code_or_contract_change) ... ok
test_published_plan_and_report_round_trip_preserves_readiness (test_gate_a_finalization.GateAFinalizationTest.test_published_plan_and_report_round_trip_preserves_readiness) ... ok
test_readiness_does_not_claim_gate_b_or_require_future_artifacts (test_gate_a_finalization.GateAFinalizationTest.test_readiness_does_not_claim_gate_b_or_require_future_artifacts) ... ok
test_real_public_route_bypass_and_dead_code_block (test_gate_a_finalization.GateAFinalizationTest.test_real_public_route_bypass_and_dead_code_block) ... ok
test_sparse_endpoint_removal_blocks (test_gate_a_finalization.GateAFinalizationTest.test_sparse_endpoint_removal_blocks) ... ok
test_99_passes_profile_admission_and_build (test_source_completeness.SourceCompletenessTest.test_99_passes_profile_admission_and_build) ... ok
test_collector_retains_raw_before_rejection (test_source_completeness.SourceCompletenessTest.test_collector_retains_raw_before_rejection) ... ok
test_direct_payload_and_partial_raw_cannot_bypass (test_source_completeness.SourceCompletenessTest.test_direct_payload_and_partial_raw_cannot_bypass) ... ok
test_direct_public_builder_rejects_100_raw_for_current_and_legacy_profiles (test_source_completeness.SourceCompletenessTest.test_direct_public_builder_rejects_100_raw_for_current_and_legacy_profiles) ... ok
test_indicator_rejects_invented_pagination (test_source_completeness.SourceCompletenessTest.test_indicator_rejects_invented_pagination) ... ok
test_missing_policy_and_unknown_caps_are_not_complete (test_source_completeness.SourceCompletenessTest.test_missing_policy_and_unknown_caps_are_not_complete) ... ok
test_observed_raw_resume_revalidates_shared_admission (test_source_completeness.SourceCompletenessTest.test_observed_raw_resume_revalidates_shared_admission) ... ok
test_official_exchange_originals_keep_their_document_completeness_proof (test_source_completeness.SourceCompletenessTest.test_official_exchange_originals_keep_their_document_completeness_proof) ... ok
test_real_declared_pagination_requires_bound_terminal_pages (test_source_completeness.SourceCompletenessTest.test_real_declared_pagination_requires_bound_terminal_pages) ... ok
test_split_is_deterministic_bounded_and_single_day_fails (test_source_completeness.SourceCompletenessTest.test_split_is_deterministic_bounded_and_single_day_fails) ... ok
test_success_status_does_not_override_partial_summary (test_source_completeness.SourceCompletenessTest.test_success_status_does_not_override_partial_summary) ... ok
test_same_raw_is_revalidated_on_v1_to_v2_and_v2_replay_is_stable (test_source_coverage.CoveragePolicyTransitionTest.test_same_raw_is_revalidated_on_v1_to_v2_and_v2_replay_is_stable) ... ok
test_same_v2_raw_revalidated_when_effective_contract_changes (test_source_coverage.CoveragePolicyTransitionTest.test_same_v2_raw_revalidated_when_effective_contract_changes) ... ok
test_current_bootstrap_cannot_reuse_legacy_policy_admission (test_source_coverage.SourceCoverageTest.test_current_bootstrap_cannot_reuse_legacy_policy_admission) ... ok
test_direct_v2_build_requalifies_legacy_parent_before_inheriting_rows (test_source_coverage.SourceCoverageTest.test_direct_v2_build_requalifies_legacy_parent_before_inheriting_rows) ... ok
test_empty_complete_expands_identity_scope_and_exact_offline_replay (test_source_coverage.SourceCoverageTest.test_empty_complete_expands_identity_scope_and_exact_offline_replay) ... ok
test_empty_partial_or_truncated_is_retained_but_not_admitted (test_source_coverage.SourceCoverageTest.test_empty_partial_or_truncated_is_retained_but_not_admitted) ... ok
test_frozen_v1_coverage_manifest_remains_readable_but_cannot_be_extended (test_source_coverage.SourceCoverageTest.test_frozen_v1_coverage_manifest_remains_readable_but_cannot_be_extended) ... ok
test_legacy_row_equality_cannot_discard_new_empty_raw (test_source_coverage.SourceCoverageTest.test_legacy_row_equality_cannot_discard_new_empty_raw) ... ok
test_rehashed_forged_coverage_is_rejected_against_immutable_raw (test_source_coverage.SourceCoverageTest.test_rehashed_forged_coverage_is_rejected_against_immutable_raw) ... ok
test_adjusted_identity_anchor_guard_factview_and_qlib_equivalence (test_pr5_dm1.Pr5Dm1Test.test_adjusted_identity_anchor_guard_factview_and_qlib_equivalence) ... ok
test_catalog_rebuild_loads_and_indexes_all_formal_views (test_pr5_dm1.Pr5Dm1Test.test_catalog_rebuild_loads_and_indexes_all_formal_views) ... ok
test_committed_evidence_refs_and_pass_results_are_consistent (test_pr5_dm1.Pr5Dm1Test.test_committed_evidence_refs_and_pass_results_are_consistent) ... ok
test_cross_domain_conflict_and_unsupported_action_fail_before_snapshot (test_pr5_dm1.Pr5Dm1Test.test_cross_domain_conflict_and_unsupported_action_fail_before_snapshot) ... ok
test_d01_requires_two_explicit_loadable_immutable_snapshots (test_pr5_dm1.Pr5Dm1Test.test_d01_requires_two_explicit_loadable_immutable_snapshots) ... ok
test_dm1_contract_and_source_profile_content_is_golden (test_pr5_dm1.Pr5Dm1Test.test_dm1_contract_and_source_profile_content_is_golden) ... ok
test_dm1_snapshot_views_and_classification (test_pr5_dm1.Pr5Dm1Test.test_dm1_snapshot_views_and_classification) ... ok
test_each_dm1_raw_request_is_validated_before_payload_aggregation (test_pr5_dm1.Pr5Dm1Test.test_each_dm1_raw_request_is_validated_before_payload_aggregation) ... ok
test_independent_benchmark_and_action_checkers_catch_builder_bugs (test_pr5_dm1.Pr5Dm1Test.test_independent_benchmark_and_action_checkers_catch_builder_bugs) ... ok
test_intraday_suspension_and_unsupported_action_terms_block_build (test_pr5_dm1.Pr5Dm1Test.test_intraday_suspension_and_unsupported_action_terms_block_build) ... ok
test_observed_source_ref_must_be_in_transitive_raw_lineage (test_pr5_dm1.Pr5Dm1Test.test_observed_source_ref_must_be_in_transitive_raw_lineage) ... ok
test_pit_qualification_strict_cutoff_and_view_policy_cannot_be_forged (test_pr5_dm1.Pr5Dm1Test.test_pit_qualification_strict_cutoff_and_view_policy_cannot_be_forged) ... ok
test_raw_only_offline_recovery_catalog_corruption_and_old_snapshot_coexist (test_pr5_dm1.Pr5Dm1Test.test_raw_only_offline_recovery_catalog_corruption_and_old_snapshot_coexist) ... ok
test_scope_manifest_freezes_pr4_partition_without_deferred_overlap (test_pr5_dm1.Pr5Dm1Test.test_scope_manifest_freezes_pr4_partition_without_deferred_overlap) ... ok
test_source_profile_and_every_new_raw_are_semantically_bound_v2 (test_pr5_dm1.Pr5Dm1Test.test_source_profile_and_every_new_raw_are_semantically_bound_v2) ... ok
test_snapshot_read_union_cohort_industry_and_qlib (test_pr6_integration.Pr6IntegrationTest.test_snapshot_read_union_cohort_industry_and_qlib) ... ok
test_snapshots_keep_historical_financial_prefix (test_pr6_integration.Pr6IntegrationTest.test_snapshots_keep_historical_financial_prefix) ... ok
test_complete_subset_membership_regression (test_pr7_real.Pr7RealTest.test_complete_subset_membership_regression) ... ok
test_insufficient_and_unknown_scope_fail (test_pr7_real.Pr7RealTest.test_insufficient_and_unknown_scope_fail) ... ok
test_legacy_guard_is_enforced_and_reads_work (test_pr7_real.Pr7RealTest.test_legacy_guard_is_enforced_and_reads_work) ... ok
test_operational_before_actual_observation_is_missing (test_pr7_real.Pr7RealTest.test_operational_before_actual_observation_is_missing) ... ok
test_published_pr7_v1_view_still_loads (test_pr7_real.Pr7RealTest.test_published_pr7_v1_view_still_loads) ... ok
test_qlib_numeric_and_typed_metadata (test_pr7_real.Pr7RealTest.test_qlib_numeric_and_typed_metadata) ... ok
test_real_holder_group_and_forecast (test_pr7_real.Pr7RealTest.test_real_holder_group_and_forecast) ... ok
test_shareholder_only_extension_preserves_other_domains_and_prefix (test_pr7_real.Pr7RealTest.test_shareholder_only_extension_preserves_other_domains_and_prefix) ... ok
test_view_corruption_rejected (test_pr7_real.Pr7RealTest.test_view_corruption_rejected) ... ok
test_history_nodes_are_loaded_once_then_query_reuses_reader_index (test_pr7_request_index.RequestCoverageIndexTest.test_history_nodes_are_loaded_once_then_query_reuses_reader_index) ... ok
test_reader_local_intervals_keep_scope_and_new_reader_integrity (test_pr7_request_index.RequestCoverageIndexTest.test_reader_local_intervals_keep_scope_and_new_reader_integrity) ... ok
test_candidate_reuses_verified_nodes_but_next_call_checks_source_again (test_candidate_verification_cache.CandidateVerificationCacheTest.test_candidate_reuses_verified_nodes_but_next_call_checks_source_again) ... ok
test_same_identity_in_another_root_is_not_a_cache_hit_and_failure_unwinds (test_candidate_verification_cache.CandidateVerificationCacheTest.test_same_identity_in_another_root_is_not_a_cache_hit_and_failure_unwinds) ... ok
test_partial_collection_resume_t_plus_one_and_no_change (test_daily_operation.DailyOperationTest.test_partial_collection_resume_t_plus_one_and_no_change) ... ok
test_daily_reuses_exact_observations_without_supplier_or_time_changes (test_observed_raw_reuse.ObservedRawReuseTest.test_daily_reuses_exact_observations_without_supplier_or_time_changes) ... ok
test_all_operations_reject_manually_published_100_row_indicator (test_public_source_scope.PublicSourceScopeTest.test_all_operations_reject_manually_published_100_row_indicator) ... ok
test_daily_rejects_widening_before_collection (test_public_source_scope.PublicSourceScopeTest.test_daily_rejects_widening_before_collection) ... ok
test_direct_bootstrap_daily_repair_produce_identical_scoped_artifacts (test_public_source_scope.PublicSourceScopeTest.test_direct_bootstrap_daily_repair_produce_identical_scoped_artifacts) ... ok
test_loader_rejects_rehashed_manifest_claiming_unrequested_scope (test_public_source_scope.PublicSourceScopeTest.test_loader_rejects_rehashed_manifest_claiming_unrequested_scope) ... ok
test_public_schema_rejects_unrelated_domains_unknown_keys_and_bad_bounds (test_public_source_scope.PublicSourceScopeTest.test_public_schema_rejects_unrelated_domains_unknown_keys_and_bad_bounds) ... ok
test_scope_guard_rejects_raw_holes_missing_exchange_and_mapping_mismatch (test_public_source_scope.PublicSourceScopeTest.test_scope_guard_rejects_raw_holes_missing_exchange_and_mapping_mismatch) ... ok
test_actual_conflict_is_explicit_null_with_unchanged_raw_and_version_dispatch (test_capital_conflict.CapitalConflictTest.test_actual_conflict_is_explicit_null_with_unchanged_raw_and_version_dispatch) ... ok
test_actual_forecast_labels_require_new_contract_and_remain_verbatim (test_source_label_qualification.SourceLabelQualificationTest.test_actual_forecast_labels_require_new_contract_and_remain_verbatim) ... ok
test_actual_zero_pairs_are_unknown_and_other_invalid_pairs_fail (test_source_label_qualification.SourceLabelQualificationTest.test_actual_zero_pairs_are_unknown_and_other_invalid_pairs_fail) ... ok
test_real_observations_new_root_and_fail_closed_date_projection (test_undated_actions.UndatedActionsTest.test_real_observations_new_root_and_fail_closed_date_projection) ... ok
test_repeated_action_scan_retains_first_evidence_and_real_revisions (test_undated_actions.UndatedActionsTest.test_repeated_action_scan_retains_first_evidence_and_real_revisions) ... ok
test_calendar_rejects_request_metadata_and_payload_scope_mismatch (test_pr3_vertical_slice.Pr3VerticalSliceTest.test_calendar_rejects_request_metadata_and_payload_scope_mismatch) ... ok
test_calendar_request_and_payload_are_validated_per_raw_batch (test_pr3_vertical_slice.Pr3VerticalSliceTest.test_calendar_request_and_payload_are_validated_per_raw_batch) ... ok
test_calendar_request_scope_requires_every_day_and_exchange (test_pr3_vertical_slice.Pr3VerticalSliceTest.test_calendar_request_scope_requires_every_day_and_exchange) ... ok
test_committed_real_run_evidence_is_complete (test_pr3_vertical_slice.Pr3VerticalSliceTest.test_committed_real_run_evidence_is_complete) ... ok
test_frozen_raw_only_clean_rebuild_is_identical_and_offline (test_pr3_vertical_slice.Pr3VerticalSliceTest.test_frozen_raw_only_clean_rebuild_is_identical_and_offline) ... ok
test_independent_checker_catches_injected_production_volume_bug (test_pr3_vertical_slice.Pr3VerticalSliceTest.test_independent_checker_catches_injected_production_volume_bug) ... ok
test_independent_raw_expectations_freeze_market_mappings_and_join_key (test_pr3_vertical_slice.Pr3VerticalSliceTest.test_independent_raw_expectations_freeze_market_mappings_and_join_key) ... ok
test_pr3_offline_report_requires_source_and_rebuilt_refs (test_pr3_vertical_slice.Pr3VerticalSliceTest.test_pr3_offline_report_requires_source_and_rebuilt_refs) ... ok
test_pr3_report_ref_tampering_is_rejected_even_when_status_is_pass (test_pr3_vertical_slice.Pr3VerticalSliceTest.test_pr3_report_ref_tampering_is_rejected_even_when_status_is_pass) ... ok
test_pr3_report_refs_match_run_manifest (test_pr3_vertical_slice.Pr3VerticalSliceTest.test_pr3_report_refs_match_run_manifest) ... ok
test_real_source_raw_snapshot_reader_and_empty_staging_qlib_view (test_pr3_vertical_slice.Pr3VerticalSliceTest.test_real_source_raw_snapshot_reader_and_empty_staging_qlib_view) ... ok
test_real_suspend_evidence_creates_rows_but_daily_absence_does_not (test_pr3_vertical_slice.Pr3VerticalSliceTest.test_real_suspend_evidence_creates_rows_but_daily_absence_does_not) ... ok
test_reconciliation_classifies_differences_without_trusting_qsys (test_pr3_vertical_slice.Pr3VerticalSliceTest.test_reconciliation_classifies_differences_without_trusting_qsys) ... ok
test_source_profile_content_digest_changes_identity_and_rejects_old_raw (test_pr3_vertical_slice.Pr3VerticalSliceTest.test_source_profile_content_digest_changes_identity_and_rejects_old_raw) ... ok
test_source_profile_freezes_endpoint_units_mapping_and_pit_limits (test_pr3_vertical_slice.Pr3VerticalSliceTest.test_source_profile_freezes_endpoint_units_mapping_and_pit_limits) ... ok
test_tushare_raw_batch_identity_binds_envelope_schema (test_pr3_vertical_slice.Pr3VerticalSliceTest.test_tushare_raw_batch_identity_binds_envelope_schema) ... ok
test_tushare_requires_profile_bound_v2_but_v2_builds_normally (test_pr3_vertical_slice.Pr3VerticalSliceTest.test_tushare_requires_profile_bound_v2_but_v2_builds_normally) ... ok
test_unknown_nonempty_suspend_timing_is_rejected (test_pr3_vertical_slice.Pr3VerticalSliceTest.test_unknown_nonempty_suspend_timing_is_rejected) ... ok
test_base_builder_cannot_publish_unknown_source_by_omitting_coverage (test_writable_contracts.WritableContractsTest.test_base_builder_cannot_publish_unknown_source_by_omitting_coverage) ... ok
test_bootstrap_daily_repair_reject_legacy_before_publication (test_writable_contracts.WritableContractsTest.test_bootstrap_daily_repair_reject_legacy_before_publication) ... ok
test_coverage_upgrade_requires_new_lineage_even_when_domain_contract_is_current (test_writable_contracts.WritableContractsTest.test_coverage_upgrade_requires_new_lineage_even_when_domain_contract_is_current) ... ok
test_current_write_succeeds_and_upgrade_requires_new_lineage (test_writable_contracts.WritableContractsTest.test_current_write_succeeds_and_upgrade_requires_new_lineage) ... ok
test_legacy_published_snapshot_domain_and_raw_remain_readable (test_writable_contracts.WritableContractsTest.test_legacy_published_snapshot_domain_and_raw_remain_readable) ... ok
test_missing_current_policy_cannot_be_bypassed_by_legacy_contract_or_coverage (test_writable_contracts.WritableContractsTest.test_missing_current_policy_cannot_be_bypassed_by_legacy_contract_or_coverage) ... ok
test_registry_keeps_current_v1_distinct_from_superseded_versions (test_writable_contracts.WritableContractsTest.test_registry_keeps_current_v1_distinct_from_superseded_versions) ... ok
test_superseded_domain_and_coverage_are_read_only_at_both_build_boundaries (test_writable_contracts.WritableContractsTest.test_superseded_domain_and_coverage_are_read_only_at_both_build_boundaries) ... ok
test_always_complete_public_validator_blocks_gate_a (test_sparse_conformance.SparseConformanceTest.test_always_complete_public_validator_blocks_gate_a) ... ok
test_fixture_setup_failure_is_never_a_successful_rejection (test_sparse_conformance.SparseConformanceTest.test_fixture_setup_failure_is_never_a_successful_rejection) ... ok
test_non_function_validator_is_exercised_instead_of_rejected_by_reflection (test_sparse_conformance.SparseConformanceTest.test_non_function_validator_is_exercised_instead_of_rejected_by_reflection) ... ok
test_public_fixed_fixtures_and_checkpoint_resume_are_stable (test_sparse_conformance.SparseConformanceTest.test_public_fixed_fixtures_and_checkpoint_resume_are_stable) ... ok
test_removed_child_completeness_behavior_blocks_gate_a (test_sparse_conformance.SparseConformanceTest.test_removed_child_completeness_behavior_blocks_gate_a) ... ok
test_removed_gap_guard_is_not_hidden_by_split_provenance (test_sparse_conformance.SparseConformanceTest.test_removed_gap_guard_is_not_hidden_by_split_provenance) ... ok

----------------------------------------------------------------------
Ran 134 tests in 98.583s

OK
