{"run_id": "financial-v4-rebuild-20260921-r1", "stage": "PUBLIC_BUILD_BEGIN", "pid": 939609, "elapsed": 2.955577491899021, "code": "a7d8571c3adb9a6fb1421d4cf5acf575c3cec22c", "raw_count": 230464}
{"run_id": "financial-v4-rebuild-20260921-r1", "stage": "PUBLIC_BUILD", "pid": 939609, "elapsed": 21.859071095939726, "raw_loads": 10000}
{"run_id": "financial-v4-rebuild-20260921-r1", "stage": "PUBLIC_BUILD", "pid": 939609, "elapsed": 40.531209123902954, "raw_loads": 20000}
{"run_id": "financial-v4-rebuild-20260921-r1", "stage": "PUBLIC_BUILD", "pid": 939609, "elapsed": 58.78207661199849, "raw_loads": 30000}
{"run_id": "financial-v4-rebuild-20260921-r1", "stage": "PUBLIC_BUILD", "pid": 939609, "elapsed": 77.05796176497824, "raw_loads": 40000}
{"run_id": "financial-v4-rebuild-20260921-r1", "stage": "PUBLIC_BUILD", "pid": 939609, "elapsed": 95.3799173849402, "raw_loads": 50000}
{"run_id": "financial-v4-rebuild-20260921-r1", "stage": "PUBLIC_BUILD", "pid": 939609, "elapsed": 113.43410976591986, "raw_loads": 60000}
{"run_id": "financial-v4-rebuild-20260921-r1", "stage": "PUBLIC_BUILD", "pid": 939609, "elapsed": 132.19001579796895, "raw_loads": 70000}
{"run_id": "financial-v4-rebuild-20260921-r1", "stage": "PUBLIC_BUILD", "pid": 939609, "elapsed": 151.54446735000238, "raw_loads": 80000}
{"run_id": "financial-v4-rebuild-20260921-r1", "stage": "PUBLIC_BUILD", "pid": 939609, "elapsed": 169.97470335499384, "raw_loads": 90000}
{"run_id": "financial-v4-rebuild-20260921-r1", "stage": "PUBLIC_BUILD", "pid": 939609, "elapsed": 188.623839732958, "raw_loads": 100000}
{"run_id": "financial-v4-rebuild-20260921-r1", "stage": "PUBLIC_BUILD", "pid": 939609, "elapsed": 206.95100024098065, "raw_loads": 110000}
{"run_id": "financial-v4-rebuild-20260921-r1", "stage": "PUBLIC_BUILD", "pid": 939609, "elapsed": 225.64467305492144, "raw_loads": 120000}
{"run_id": "financial-v4-rebuild-20260921-r1", "stage": "PUBLIC_BUILD", "pid": 939609, "elapsed": 244.14574071590323, "raw_loads": 130000}
{"run_id": "financial-v4-rebuild-20260921-r1", "stage": "PUBLIC_BUILD", "pid": 939609, "elapsed": 262.41137189394794, "raw_loads": 140000}
{"run_id": "financial-v4-rebuild-20260921-r1", "stage": "PUBLIC_BUILD", "pid": 939609, "elapsed": 280.720445795916, "raw_loads": 150000}
{"run_id": "financial-v4-rebuild-20260921-r1", "stage": "PUBLIC_BUILD", "pid": 939609, "elapsed": 298.82723072590306, "raw_loads": 160000}
{"run_id": "financial-v4-rebuild-20260921-r1", "stage": "PUBLIC_BUILD", "pid": 939609, "elapsed": 317.5005948009202, "raw_loads": 170000}
{"run_id": "financial-v4-rebuild-20260921-r1", "stage": "PUBLIC_BUILD", "pid": 939609, "elapsed": 336.8414990348974, "raw_loads": 180000}
{"run_id": "financial-v4-rebuild-20260921-r1", "stage": "PUBLIC_BUILD", "pid": 939609, "elapsed": 355.4099935219856, "raw_loads": 190000}
{"run_id": "financial-v4-rebuild-20260921-r1", "stage": "PUBLIC_BUILD", "pid": 939609, "elapsed": 374.56940469599795, "raw_loads": 200000}
{"run_id": "financial-v4-rebuild-20260921-r1", "stage": "PUBLIC_BUILD", "pid": 939609, "elapsed": 393.34430655895267, "raw_loads": 210000}
{"run_id": "financial-v4-rebuild-20260921-r1", "stage": "PUBLIC_BUILD", "pid": 939609, "elapsed": 411.59993013890926, "raw_loads": 220000}
{"run_id": "financial-v4-rebuild-20260921-r1", "stage": "PUBLIC_BUILD", "pid": 939609, "elapsed": 430.26991046394687, "raw_loads": 230000}
{"run_id": "financial-v4-rebuild-20260921-r1", "stage": "CLOSURE_BEGIN", "pid": 939609, "elapsed": 431.13844308198895, "domain": "security_master", "commit": "security_master-5540f406637d950766e036a973de7a4a8a96a7f3638b98e97fe5d96d28ac493c", "raw_loads": 230464}
{"run_id": "financial-v4-rebuild-20260921-r1", "stage": "CLOSURE_PASS", "pid": 939609, "elapsed": 431.1718276760075, "domain": "security_master", "commit": "security_master-5540f406637d950766e036a973de7a4a8a96a7f3638b98e97fe5d96d28ac493c", "raw_loads": 230472}
{"run_id": "financial-v4-rebuild-20260921-r1", "stage": "CLOSURE_BEGIN", "pid": 939609, "elapsed": 431.1846912569599, "domain": "security_master", "commit": "security_master-5540f406637d950766e036a973de7a4a8a96a7f3638b98e97fe5d96d28ac493c", "raw_loads": 230472}
{"run_id": "financial-v4-rebuild-20260921-r1", "stage": "CLOSURE_PASS", "pid": 939609, "elapsed": 431.20803444297053, "domain": "security_master", "commit": "security_master-5540f406637d950766e036a973de7a4a8a96a7f3638b98e97fe5d96d28ac493c", "raw_loads": 230480}
{"run_id": "financial-v4-rebuild-20260921-r1", "stage": "PUBLIC_BUILD", "pid": 939609, "elapsed": 441.6913687209599, "raw_loads": 240000}
{"run_id": "financial-v4-rebuild-20260921-r1", "stage": "PUBLIC_BUILD", "pid": 939609, "elapsed": 452.73251844896004, "raw_loads": 250000}
{"run_id": "financial-v4-rebuild-20260921-r1", "stage": "PUBLIC_BUILD", "pid": 939609, "elapsed": 464.2385617789114, "raw_loads": 260000}
{"run_id": "financial-v4-rebuild-20260921-r1", "stage": "PUBLIC_BUILD", "pid": 939609, "elapsed": 475.6068441409152, "raw_loads": 270000}
{"run_id": "financial-v4-rebuild-20260921-r1", "stage": "PUBLIC_BUILD", "pid": 939609, "elapsed": 486.8420624099672, "raw_loads": 280000}
{"run_id": "financial-v4-rebuild-20260921-r1", "stage": "PUBLIC_BUILD", "pid": 939609, "elapsed": 498.1881548219826, "raw_loads": 290000}
{"run_id": "financial-v4-rebuild-20260921-r1", "stage": "PUBLIC_BUILD", "pid": 939609, "elapsed": 510.0078305689385, "raw_loads": 300000}
{"run_id": "financial-v4-rebuild-20260921-r1", "stage": "PUBLIC_BUILD", "pid": 939609, "elapsed": 521.3266080329195, "raw_loads": 310000}
{"run_id": "financial-v4-rebuild-20260921-r1", "stage": "PUBLIC_BUILD", "pid": 939609, "elapsed": 532.7352138989372, "raw_loads": 320000}
{"run_id": "financial-v4-rebuild-20260921-r1", "stage": "PUBLIC_BUILD", "pid": 939609, "elapsed": 544.1141666189069, "raw_loads": 330000}
{"run_id": "financial-v4-rebuild-20260921-r1", "stage": "PUBLIC_BUILD", "pid": 939609, "elapsed": 555.4967559209326, "raw_loads": 340000}
{"run_id": "financial-v4-rebuild-20260921-r1", "stage": "PUBLIC_BUILD", "pid": 939609, "elapsed": 566.5340326159494, "raw_loads": 350000}
{"run_id": "financial-v4-rebuild-20260921-r1", "stage": "PUBLIC_BUILD", "pid": 939609, "elapsed": 578.22565905191, "raw_loads": 360000}
{"run_id": "financial-v4-rebuild-20260921-r1", "stage": "PUBLIC_BUILD", "pid": 939609, "elapsed": 589.8284364249557, "raw_loads": 370000}
{"run_id": "financial-v4-rebuild-20260921-r1", "stage": "PUBLIC_BUILD", "pid": 939609, "elapsed": 601.3443561969325, "raw_loads": 380000}
{"run_id": "financial-v4-rebuild-20260921-r1", "stage": "PUBLIC_BUILD", "pid": 939609, "elapsed": 612.8589209269267, "raw_loads": 390000}
{"run_id": "financial-v4-rebuild-20260921-r1", "stage": "PUBLIC_BUILD", "pid": 939609, "elapsed": 624.3050295069115, "raw_loads": 400000}
{"run_id": "financial-v4-rebuild-20260921-r1", "stage": "PUBLIC_BUILD", "pid": 939609, "elapsed": 635.7791593850125, "raw_loads": 410000}
{"run_id": "financial-v4-rebuild-20260921-r1", "stage": "PUBLIC_BUILD", "pid": 939609, "elapsed": 647.3657722380012, "raw_loads": 420000}
{"run_id": "financial-v4-rebuild-20260921-r1", "stage": "PUBLIC_BUILD", "pid": 939609, "elapsed": 659.451256269007, "raw_loads": 430000}
{"run_id": "financial-v4-rebuild-20260921-r1", "stage": "PUBLIC_BUILD", "pid": 939609, "elapsed": 670.85289344599, "raw_loads": 440000}
{"run_id": "financial-v4-rebuild-20260921-r1", "stage": "PUBLIC_BUILD", "pid": 939609, "elapsed": 681.9832290939521, "raw_loads": 450000}
{"run_id": "financial-v4-rebuild-20260921-r1", "stage": "PUBLIC_BUILD", "pid": 939609, "elapsed": 692.8357503529405, "raw_loads": 460000}
{"run_id": "financial-v4-rebuild-20260921-r1", "stage": "PUBLIC_BUILD", "pid": 939609, "elapsed": 714.7429053819505, "raw_loads": 470000}
{"run_id": "financial-v4-rebuild-20260921-r1", "stage": "PUBLIC_BUILD", "pid": 939609, "elapsed": 719.5115285969805, "raw_loads": 480000}
{"run_id": "financial-v4-rebuild-20260921-r1", "stage": "PUBLIC_BUILD", "pid": 939609, "elapsed": 724.2393708259333, "raw_loads": 490000}
{"run_id": "financial-v4-rebuild-20260921-r1", "stage": "PUBLIC_BUILD", "pid": 939609, "elapsed": 729.0964637089055, "raw_loads": 500000}
{"run_id": "financial-v4-rebuild-20260921-r1", "stage": "PUBLIC_BUILD", "pid": 939609, "elapsed": 733.9831363169942, "raw_loads": 510000}
{"run_id": "financial-v4-rebuild-20260921-r1", "stage": "PUBLIC_BUILD", "pid": 939609, "elapsed": 738.932961191982, "raw_loads": 520000}
{"run_id": "financial-v4-rebuild-20260921-r1", "stage": "PUBLIC_BUILD", "pid": 939609, "elapsed": 744.014755637967, "raw_loads": 530000}
{"run_id": "financial-v4-rebuild-20260921-r1", "stage": "PUBLIC_BUILD", "pid": 939609, "elapsed": 749.1780011419905, "raw_loads": 540000}
{"run_id": "financial-v4-rebuild-20260921-r1", "stage": "PUBLIC_BUILD", "pid": 939609, "elapsed": 754.2342298019212, "raw_loads": 550000}
{"run_id": "financial-v4-rebuild-20260921-r1", "stage": "PUBLIC_BUILD", "pid": 939609, "elapsed": 759.4113722859183, "raw_loads": 560000}
{"run_id": "financial-v4-rebuild-20260921-r1", "stage": "PUBLIC_BUILD", "pid": 939609, "elapsed": 764.5255292059155, "raw_loads": 570000}
{"run_id": "financial-v4-rebuild-20260921-r1", "stage": "PUBLIC_BUILD", "pid": 939609, "elapsed": 769.6991009919439, "raw_loads": 580000}
{"run_id": "financial-v4-rebuild-20260921-r1", "stage": "PUBLIC_BUILD", "pid": 939609, "elapsed": 774.7377754219342, "raw_loads": 590000}
{"run_id": "financial-v4-rebuild-20260921-r1", "stage": "PUBLIC_BUILD", "pid": 939609, "elapsed": 779.7952160720015, "raw_loads": 600000}
{"run_id": "financial-v4-rebuild-20260921-r1", "stage": "PUBLIC_BUILD", "pid": 939609, "elapsed": 784.9444223640021, "raw_loads": 610000}
{"run_id": "financial-v4-rebuild-20260921-r1", "stage": "PUBLIC_BUILD", "pid": 939609, "elapsed": 790.0126037119189, "raw_loads": 620000}
{"run_id": "financial-v4-rebuild-20260921-r1", "stage": "PUBLIC_BUILD", "pid": 939609, "elapsed": 794.9803375989432, "raw_loads": 630000}
{"run_id": "financial-v4-rebuild-20260921-r1", "stage": "PUBLIC_BUILD", "pid": 939609, "elapsed": 800.070004968904, "raw_loads": 640000}
{"run_id": "financial-v4-rebuild-20260921-r1", "stage": "PUBLIC_BUILD", "pid": 939609, "elapsed": 805.2291838550009, "raw_loads": 650000}
{"run_id": "financial-v4-rebuild-20260921-r1", "stage": "PUBLIC_BUILD", "pid": 939609, "elapsed": 810.2873203000054, "raw_loads": 660000}
{"run_id": "financial-v4-rebuild-20260921-r1", "stage": "PUBLIC_BUILD", "pid": 939609, "elapsed": 819.599404069013, "raw_loads": 670000}
{"run_id": "financial-v4-rebuild-20260921-r1", "stage": "PUBLIC_BUILD", "pid": 939609, "elapsed": 830.6373572559096, "raw_loads": 680000}
{"run_id": "financial-v4-rebuild-20260921-r1", "stage": "PUBLIC_BUILD", "pid": 939609, "elapsed": 841.8602039709222, "raw_loads": 690000}
{"run_id": "financial-v4-rebuild-20260921-r1", "stage": "PUBLIC_BUILD", "pid": 939609, "elapsed": 852.898095688899, "raw_loads": 700000}
{"run_id": "financial-v4-rebuild-20260921-r1", "stage": "PUBLIC_BUILD", "pid": 939609, "elapsed": 864.218726299936, "raw_loads": 710000}
{"run_id": "financial-v4-rebuild-20260921-r1", "stage": "PUBLIC_BUILD", "pid": 939609, "elapsed": 876.1425159589853, "raw_loads": 720000}
{"run_id": "financial-v4-rebuild-20260921-r1", "stage": "PUBLIC_BUILD", "pid": 939609, "elapsed": 887.4952797678998, "raw_loads": 730000}
{"run_id": "financial-v4-rebuild-20260921-r1", "stage": "PUBLIC_BUILD", "pid": 939609, "elapsed": 898.8437286849367, "raw_loads": 740000}
{"run_id": "financial-v4-rebuild-20260921-r1", "stage": "PUBLIC_BUILD", "pid": 939609, "elapsed": 910.1108798789792, "raw_loads": 750000}
{"run_id": "financial-v4-rebuild-20260921-r1", "stage": "PUBLIC_BUILD", "pid": 939609, "elapsed": 921.4553227069555, "raw_loads": 760000}
{"run_id": "financial-v4-rebuild-20260921-r1", "stage": "PUBLIC_BUILD", "pid": 939609, "elapsed": 933.8918783349218, "raw_loads": 770000}
{"run_id": "financial-v4-rebuild-20260921-r1", "stage": "PUBLIC_BUILD", "pid": 939609, "elapsed": 945.020934253931, "raw_loads": 780000}
{"run_id": "financial-v4-rebuild-20260921-r1", "stage": "PUBLIC_BUILD", "pid": 939609, "elapsed": 955.8551810699282, "raw_loads": 790000}
{"run_id": "financial-v4-rebuild-20260921-r1", "stage": "PUBLIC_BUILD", "pid": 939609, "elapsed": 967.3434370280011, "raw_loads": 800000}
{"run_id": "financial-v4-rebuild-20260921-r1", "stage": "PUBLIC_BUILD", "pid": 939609, "elapsed": 978.8027898789151, "raw_loads": 810000}
{"run_id": "financial-v4-rebuild-20260921-r1", "stage": "PUBLIC_BUILD", "pid": 939609, "elapsed": 990.405450353981, "raw_loads": 820000}
{"run_id": "financial-v4-rebuild-20260921-r1", "stage": "PUBLIC_BUILD", "pid": 939609, "elapsed": 1001.9321682519512, "raw_loads": 830000}
{"run_id": "financial-v4-rebuild-20260921-r1", "stage": "PUBLIC_BUILD", "pid": 939609, "elapsed": 1014.2378351439256, "raw_loads": 840000}
{"run_id": "financial-v4-rebuild-20260921-r1", "stage": "PUBLIC_BUILD", "pid": 939609, "elapsed": 1025.7484066319885, "raw_loads": 850000}
{"run_id": "financial-v4-rebuild-20260921-r1", "stage": "PUBLIC_BUILD", "pid": 939609, "elapsed": 1037.2882652129047, "raw_loads": 860000}
{"run_id": "financial-v4-rebuild-20260921-r1", "stage": "PUBLIC_BUILD", "pid": 939609, "elapsed": 1048.6775206279708, "raw_loads": 870000}
{"run_id": "financial-v4-rebuild-20260921-r1", "stage": "PUBLIC_BUILD", "pid": 939609, "elapsed": 1060.5388944409788, "raw_loads": 880000}
{"run_id": "financial-v4-rebuild-20260921-r1", "stage": "PUBLIC_BUILD", "pid": 939609, "elapsed": 1071.4603167229798, "raw_loads": 890000}
{"run_id": "financial-v4-rebuild-20260921-r1", "stage": "CLOSURE_BEGIN", "pid": 939609, "elapsed": 1173.786132788984, "domain": "security_master", "commit": "security_master-5540f406637d950766e036a973de7a4a8a96a7f3638b98e97fe5d96d28ac493c", "raw_loads": 893570}
{"run_id": "financial-v4-rebuild-20260921-r1", "stage": "CLOSURE_PASS", "pid": 939609, "elapsed": 1173.807551309932, "domain": "security_master", "commit": "security_master-5540f406637d950766e036a973de7a4a8a96a7f3638b98e97fe5d96d28ac493c", "raw_loads": 893578}
{"run_id": "financial-v4-rebuild-20260921-r1", "stage": "CLOSURE_BEGIN", "pid": 939609, "elapsed": 1173.8077120089438, "domain": "financial_events", "commit": "financial_events-7fe86eee9a5e0b64e9fb8cc47c0446a6677c4d4f0de59bef6979244e4d15c04a", "raw_loads": 893578}
{"run_id": "financial-v4-rebuild-20260921-r1", "stage": "PUBLIC_BUILD", "pid": 939609, "elapsed": 1181.9224354979815, "raw_loads": 900000}
{"run_id": "financial-v4-rebuild-20260921-r1", "stage": "PUBLIC_BUILD", "pid": 939609, "elapsed": 1192.9243050809018, "raw_loads": 910000}
{"run_id": "financial-v4-rebuild-20260921-r1", "stage": "PUBLIC_BUILD", "pid": 939609, "elapsed": 1204.0448932159925, "raw_loads": 920000}
{"run_id": "financial-v4-rebuild-20260921-r1", "stage": "PUBLIC_BUILD", "pid": 939609, "elapsed": 1215.0792488009902, "raw_loads": 930000}
{"run_id": "financial-v4-rebuild-20260921-r1", "stage": "PUBLIC_BUILD", "pid": 939609, "elapsed": 1226.203910246957, "raw_loads": 940000}
{"run_id": "financial-v4-rebuild-20260921-r1", "stage": "PUBLIC_BUILD", "pid": 939609, "elapsed": 1237.329584870953, "raw_loads": 950000}
{"run_id": "financial-v4-rebuild-20260921-r1", "stage": "PUBLIC_BUILD", "pid": 939609, "elapsed": 1248.5406231719535, "raw_loads": 960000}
{"run_id": "financial-v4-rebuild-20260921-r1", "stage": "PUBLIC_BUILD", "pid": 939609, "elapsed": 1259.7778200019384, "raw_loads": 970000}
{"run_id": "financial-v4-rebuild-20260921-r1", "stage": "PUBLIC_BUILD", "pid": 939609, "elapsed": 1271.3023537199479, "raw_loads": 980000}
{"run_id": "financial-v4-rebuild-20260921-r1", "stage": "PUBLIC_BUILD", "pid": 939609, "elapsed": 1282.4079291539965, "raw_loads": 990000}
{"run_id": "financial-v4-rebuild-20260921-r1", "stage": "PUBLIC_BUILD", "pid": 939609, "elapsed": 1293.6116048590047, "raw_loads": 1000000}
{"run_id": "financial-v4-rebuild-20260921-r1", "stage": "PUBLIC_BUILD", "pid": 939609, "elapsed": 1304.7843786239391, "raw_loads": 1010000}
{"run_id": "financial-v4-rebuild-20260921-r1", "stage": "PUBLIC_BUILD", "pid": 939609, "elapsed": 1316.8804620119045, "raw_loads": 1020000}
{"run_id": "financial-v4-rebuild-20260921-r1", "stage": "PUBLIC_BUILD", "pid": 939609, "elapsed": 1327.9600243639434, "raw_loads": 1030000}
{"run_id": "financial-v4-rebuild-20260921-r1", "stage": "PUBLIC_BUILD", "pid": 939609, "elapsed": 1339.1860960829072, "raw_loads": 1040000}
{"run_id": "financial-v4-rebuild-20260921-r1", "stage": "PUBLIC_BUILD", "pid": 939609, "elapsed": 1350.4671552939108, "raw_loads": 1050000}
{"run_id": "financial-v4-rebuild-20260921-r1", "stage": "PUBLIC_BUILD", "pid": 939609, "elapsed": 1361.7675179699436, "raw_loads": 1060000}
{"run_id": "financial-v4-rebuild-20260921-r1", "stage": "PUBLIC_BUILD", "pid": 939609, "elapsed": 1372.9363864419283, "raw_loads": 1070000}
{"run_id": "financial-v4-rebuild-20260921-r1", "stage": "PUBLIC_BUILD", "pid": 939609, "elapsed": 1383.9753245279426, "raw_loads": 1080000}
{"run_id": "financial-v4-rebuild-20260921-r1", "stage": "PUBLIC_BUILD", "pid": 939609, "elapsed": 1395.1930555358995, "raw_loads": 1090000}
{"run_id": "financial-v4-rebuild-20260921-r1", "stage": "PUBLIC_BUILD", "pid": 939609, "elapsed": 1406.2593080470106, "raw_loads": 1100000}
{"run_id": "financial-v4-rebuild-20260921-r1", "stage": "PUBLIC_BUILD", "pid": 939609, "elapsed": 1417.3609184459783, "raw_loads": 1110000}
{"run_id": "financial-v4-rebuild-20260921-r1", "stage": "PUBLIC_BUILD", "pid": 939609, "elapsed": 1428.5304962259252, "raw_loads": 1120000}
{"run_id": "financial-v4-rebuild-20260921-r1", "stage": "PUBLIC_BUILD", "pid": 939609, "elapsed": 1440.72920112696, "raw_loads": 1130000}
{"run_id": "financial-v4-rebuild-20260921-r1", "stage": "PUBLIC_BUILD", "pid": 939609, "elapsed": 1445.4419538739603, "raw_loads": 1140000}
{"run_id": "financial-v4-rebuild-20260921-r1", "stage": "PUBLIC_BUILD", "pid": 939609, "elapsed": 1450.1122457520105, "raw_loads": 1150000}
{"run_id": "financial-v4-rebuild-20260921-r1", "stage": "PUBLIC_BUILD", "pid": 939609, "elapsed": 1454.8719787959708, "raw_loads": 1160000}
{"run_id": "financial-v4-rebuild-20260921-r1", "stage": "PUBLIC_BUILD", "pid": 939609, "elapsed": 1459.7352195959538, "raw_loads": 1170000}
{"run_id": "financial-v4-rebuild-20260921-r1", "stage": "PUBLIC_BUILD", "pid": 939609, "elapsed": 1464.7330343439244, "raw_loads": 1180000}
{"run_id": "financial-v4-rebuild-20260921-r1", "stage": "PUBLIC_BUILD", "pid": 939609, "elapsed": 1469.748415297945, "raw_loads": 1190000}
{"run_id": "financial-v4-rebuild-20260921-r1", "stage": "PUBLIC_BUILD", "pid": 939609, "elapsed": 1474.8178668769542, "raw_loads": 1200000}
{"run_id": "financial-v4-rebuild-20260921-r1", "stage": "PUBLIC_BUILD", "pid": 939609, "elapsed": 1479.8955641849898, "raw_loads": 1210000}
{"run_id": "financial-v4-rebuild-20260921-r1", "stage": "PUBLIC_BUILD", "pid": 939609, "elapsed": 1484.9685534709133, "raw_loads": 1220000}
{"run_id": "financial-v4-rebuild-20260921-r1", "stage": "PUBLIC_BUILD", "pid": 939609, "elapsed": 1490.0467984710122, "raw_loads": 1230000}
{"run_id": "financial-v4-rebuild-20260921-r1", "stage": "PUBLIC_BUILD", "pid": 939609, "elapsed": 1494.9889970859513, "raw_loads": 1240000}
{"run_id": "financial-v4-rebuild-20260921-r1", "stage": "PUBLIC_BUILD", "pid": 939609, "elapsed": 1500.0590348019032, "raw_loads": 1250000}
{"run_id": "financial-v4-rebuild-20260921-r1", "stage": "PUBLIC_BUILD", "pid": 939609, "elapsed": 1505.1069821009878, "raw_loads": 1260000}
{"run_id": "financial-v4-rebuild-20260921-r1", "stage": "PUBLIC_BUILD", "pid": 939609, "elapsed": 1510.105738738901, "raw_loads": 1270000}
{"run_id": "financial-v4-rebuild-20260921-r1", "stage": "PUBLIC_BUILD", "pid": 939609, "elapsed": 1515.2027969559422, "raw_loads": 1280000}
{"run_id": "financial-v4-rebuild-20260921-r1", "stage": "PUBLIC_BUILD", "pid": 939609, "elapsed": 1520.3426316479454, "raw_loads": 1290000}
{"run_id": "financial-v4-rebuild-20260921-r1", "stage": "PUBLIC_BUILD", "pid": 939609, "elapsed": 1525.3362183199497, "raw_loads": 1300000}
{"run_id": "financial-v4-rebuild-20260921-r1", "stage": "PUBLIC_BUILD", "pid": 939609, "elapsed": 1530.4557875079336, "raw_loads": 1310000}
{"run_id": "financial-v4-rebuild-20260921-r1", "stage": "PUBLIC_BUILD", "pid": 939609, "elapsed": 1535.5976031279424, "raw_loads": 1320000}
{"run_id": "financial-v4-rebuild-20260921-r1", "stage": "PUBLIC_BUILD", "pid": 939609, "elapsed": 1542.9565290389583, "raw_loads": 1330000}
{"run_id": "financial-v4-rebuild-20260921-r1", "stage": "PUBLIC_BUILD", "pid": 939609, "elapsed": 1554.0007788239745, "raw_loads": 1340000}
{"run_id": "financial-v4-rebuild-20260921-r1", "stage": "PUBLIC_BUILD", "pid": 939609, "elapsed": 1566.4785030479543, "raw_loads": 1350000}
{"run_id": "financial-v4-rebuild-20260921-r1", "stage": "PUBLIC_BUILD", "pid": 939609, "elapsed": 1577.6462172289612, "raw_loads": 1360000}
{"run_id": "financial-v4-rebuild-20260921-r1", "stage": "PUBLIC_BUILD", "pid": 939609, "elapsed": 1588.9533665599301, "raw_loads": 1370000}
{"run_id": "financial-v4-rebuild-20260921-r1", "stage": "PUBLIC_BUILD", "pid": 939609, "elapsed": 1600.3498180359602, "raw_loads": 1380000}
{"run_id": "financial-v4-rebuild-20260921-r1", "stage": "PUBLIC_BUILD", "pid": 939609, "elapsed": 1611.7643146659248, "raw_loads": 1390000}
{"run_id": "financial-v4-rebuild-20260921-r1", "stage": "PUBLIC_BUILD", "pid": 939609, "elapsed": 1623.1620682999492, "raw_loads": 1400000}
{"run_id": "financial-v4-rebuild-20260921-r1", "stage": "PUBLIC_BUILD", "pid": 939609, "elapsed": 1634.529577846988, "raw_loads": 1410000}
{"run_id": "financial-v4-rebuild-20260921-r1", "stage": "PUBLIC_BUILD", "pid": 939609, "elapsed": 1646.0581146959448, "raw_loads": 1420000}
{"run_id": "financial-v4-rebuild-20260921-r1", "stage": "PUBLIC_BUILD", "pid": 939609, "elapsed": 1657.69161420397, "raw_loads": 1430000}
{"run_id": "financial-v4-rebuild-20260921-r1", "stage": "PUBLIC_BUILD", "pid": 939609, "elapsed": 1669.0735911669908, "raw_loads": 1440000}
{"run_id": "financial-v4-rebuild-20260921-r1", "stage": "PUBLIC_BUILD", "pid": 939609, "elapsed": 1679.9492758819833, "raw_loads": 1450000}
{"run_id": "financial-v4-rebuild-20260921-r1", "stage": "PUBLIC_BUILD", "pid": 939609, "elapsed": 1691.273943388951, "raw_loads": 1460000}
{"run_id": "financial-v4-rebuild-20260921-r1", "stage": "PUBLIC_BUILD", "pid": 939609, "elapsed": 1704.1814246119466, "raw_loads": 1470000}
{"run_id": "financial-v4-rebuild-20260921-r1", "stage": "PUBLIC_BUILD", "pid": 939609, "elapsed": 1715.8489927370101, "raw_loads": 1480000}
{"run_id": "financial-v4-rebuild-20260921-r1", "stage": "PUBLIC_BUILD", "pid": 939609, "elapsed": 1727.6484681429574, "raw_loads": 1490000}
{"run_id": "financial-v4-rebuild-20260921-r1", "stage": "PUBLIC_BUILD", "pid": 939609, "elapsed": 1739.3938716639532, "raw_loads": 1500000}
{"run_id": "financial-v4-rebuild-20260921-r1", "stage": "PUBLIC_BUILD", "pid": 939609, "elapsed": 1750.872078971006, "raw_loads": 1510000}
{"run_id": "financial-v4-rebuild-20260921-r1", "stage": "PUBLIC_BUILD", "pid": 939609, "elapsed": 1762.2931542599108, "raw_loads": 1520000}
{"run_id": "financial-v4-rebuild-20260921-r1", "stage": "PUBLIC_BUILD", "pid": 939609, "elapsed": 1773.6071507779416, "raw_loads": 1530000}
{"run_id": "financial-v4-rebuild-20260921-r1", "stage": "PUBLIC_BUILD", "pid": 939609, "elapsed": 1784.940727122943, "raw_loads": 1540000}
{"run_id": "financial-v4-rebuild-20260921-r1", "stage": "PUBLIC_BUILD", "pid": 939609, "elapsed": 1796.0188999549719, "raw_loads": 1550000}
{"run_id": "financial-v4-rebuild-20260921-r1", "stage": "CLOSURE_PASS", "pid": 939609, "elapsed": 1818.938424104941, "domain": "financial_events", "commit": "financial_events-7fe86eee9a5e0b64e9fb8cc47c0446a6677c4d4f0de59bef6979244e4d15c04a", "raw_loads": 1556668}
{"run_id": "financial-v4-rebuild-20260921-r1", "stage": "PUBLICATION_VALIDATED", "pid": 939609, "elapsed": 1822.5121384869562, "code": "a7d8571c3adb9a6fb1421d4cf5acf575c3cec22c", "commit_id": "financial_events-7fe86eee9a5e0b64e9fb8cc47c0446a6677c4d4f0de59bef6979244e4d15c04a", "manifest_sha256": "187577100ea69a2eac968199fb65d020979cfccd6218cab0c02abfd9219ca5ce", "contract": "financial_events.v4", "raw_count": 230464, "raw_loads": 1556668, "partitions": 90, "logical_content_digest": "sha256:176d190e060e733d3decda9c9141299457aaa0dda7b80c866c6cf64b63ba5e4d", "full_public_closure": "PASS", "old_manifest_unchanged": true, "other_commits_snapshots_views_catalog_pointers_unchanged": true}
