test_all_endpoints_public_preference_and_raw_unchanged (test_financial_v4.FinancialV4Test.test_all_endpoints_public_preference_and_raw_unchanged) ... ok
test_both_publication_dates_bound_preference (test_financial_v4.FinancialV4Test.test_both_publication_dates_bound_preference) ... ok
test_same_flag_conflicts_are_published_but_never_guessed (test_financial_v4.FinancialV4Test.test_same_flag_conflicts_are_published_but_never_guessed) ... ok
test_separate_raw_observation_does_not_inherit_flag_preference (test_financial_v4.FinancialV4Test.test_separate_raw_observation_does_not_inherit_flag_preference) ... ok
test_unknown_flags_fail_and_identical_duplicates_still_deduplicate (test_financial_v4.FinancialV4Test.test_unknown_flags_fail_and_identical_duplicates_still_deduplicate) ... ok
test_unrequested_security_conflict_is_not_projected_away (test_financial_v4.FinancialV4Test.test_unrequested_security_conflict_is_not_projected_away) ... ok
test_actual_frozen_raw_public_build_and_replay (test_financial_source_revision.FinancialSourceRevisionTest.test_actual_frozen_raw_public_build_and_replay) ... ok
test_conflicting_equal_flags_and_unknown_fail (test_financial_source_revision.FinancialSourceRevisionTest.test_conflicting_equal_flags_and_unknown_fail) ... ok
test_different_observation_or_announcement_is_not_overridden (test_financial_source_revision.FinancialSourceRevisionTest.test_different_observation_or_announcement_is_not_overridden) ... ok
test_old_contract_keeps_conflict (test_financial_source_revision.FinancialSourceRevisionTest.test_old_contract_keeps_conflict) ... ok
test_publication_cannot_downgrade_contract (test_financial_source_revision.FinancialSourceRevisionTest.test_publication_cannot_downgrade_contract) ... ok
test_row_order_and_identical_duplicate (test_financial_source_revision.FinancialSourceRevisionTest.test_row_order_and_identical_duplicate) ... ok
test_published_old_contract_closure_and_upgrade_boundary (test_financial_source_revision.HistoricalFinancialArtifactTest.test_published_old_contract_closure_and_upgrade_boundary) ... ok
test_incremental_replay_matches_genesis (test_financial_rebuild.FinancialRebuildTest.test_incremental_replay_matches_genesis) ... ok
test_raw_payload_lifetime_is_bounded (test_financial_rebuild.FinancialRebuildTest.test_raw_payload_lifetime_is_bounded) ... ok
test_tied_observation_provenance_and_input_permutation (test_financial_rebuild.FinancialRebuildTest.test_tied_observation_provenance_and_input_permutation) ... ok
test_builder_rejects_forged_per_batch_scope_and_profile (test_pr6_artifacts.Pr6ArtifactTest.test_builder_rejects_forged_per_batch_scope_and_profile) ... ok
test_financial_aba_and_clean_replay (test_pr6_artifacts.Pr6ArtifactTest.test_financial_aba_and_clean_replay) ... ok
test_incremental_exit_reentry_correction_and_replay (test_pr6_artifacts.Pr6ArtifactTest.test_incremental_exit_reentry_correction_and_replay) ... ok
test_individual_batch_request_rejects_other_security_and_period (test_pr6_artifacts.Pr6ArtifactTest.test_individual_batch_request_rejects_other_security_and_period) ... ok
test_later_membership_boundary_does_not_rewrite_observed_prefix (test_pr6_artifacts.Pr6ArtifactTest.test_later_membership_boundary_does_not_rewrite_observed_prefix) ... ok
test_raw_mapping_revision_retention_and_repeated_observation (test_pr6_artifacts.Pr6ArtifactTest.test_raw_mapping_revision_retention_and_repeated_observation) ... ok
test_snapshot_security_dependency_is_enforced (test_pr6_artifacts.Pr6ArtifactTest.test_snapshot_security_dependency_is_enforced) ... ok
test_valuation_requires_an_open_calendar_session (test_pr6_artifacts.Pr6ArtifactTest.test_valuation_requires_an_open_calendar_session) ... ok
test_half_open_entry_exit_reentry_and_historical_union (test_pr6_pit.Pr6PitTest.test_half_open_entry_exit_reentry_and_historical_union) ... ok
test_missing_quarter_nan_and_report_type (test_pr6_pit.Pr6PitTest.test_missing_quarter_nan_and_report_type) ... ok
test_old_vendor_date_cannot_backfill_new_revision (test_pr6_pit.Pr6PitTest.test_old_vendor_date_cannot_backfill_new_revision) ... ok
test_same_date_multiple_periods_and_conflicting_versions (test_pr6_pit.Pr6PitTest.test_same_date_multiple_periods_and_conflicting_versions) ... ok
test_ttm_components_and_max_availability (test_pr6_pit.Pr6PitTest.test_ttm_components_and_max_availability) ... ok
test_verified_remains_closed_and_timezones_are_absolute (test_pr6_pit.Pr6PitTest.test_verified_remains_closed_and_timezones_are_absolute) ... ok
test_distinct_ttm_missing_reasons_and_components (test_pr6_coverage.CoverageTest.test_distinct_ttm_missing_reasons_and_components) ... ok
test_middle_date_and_security_gaps (test_pr6_coverage.CoverageTest.test_middle_date_and_security_gaps) ... ok
test_99_passes_profile_admission_and_build (test_source_completeness.SourceCompletenessTest.test_99_passes_profile_admission_and_build) ... ok
test_collector_retains_raw_before_rejection (test_source_completeness.SourceCompletenessTest.test_collector_retains_raw_before_rejection) ... ok
test_direct_payload_and_partial_raw_cannot_bypass (test_source_completeness.SourceCompletenessTest.test_direct_payload_and_partial_raw_cannot_bypass) ... ok
test_direct_public_builder_rejects_100_raw_for_current_and_legacy_profiles (test_source_completeness.SourceCompletenessTest.test_direct_public_builder_rejects_100_raw_for_current_and_legacy_profiles) ... ok
test_indicator_rejects_invented_pagination (test_source_completeness.SourceCompletenessTest.test_indicator_rejects_invented_pagination) ... ok
test_missing_policy_and_unknown_caps_are_not_complete (test_source_completeness.SourceCompletenessTest.test_missing_policy_and_unknown_caps_are_not_complete) ... ok
test_observed_raw_resume_revalidates_shared_admission (test_source_completeness.SourceCompletenessTest.test_observed_raw_resume_revalidates_shared_admission) ... ok
test_official_exchange_originals_keep_their_document_completeness_proof (test_source_completeness.SourceCompletenessTest.test_official_exchange_originals_keep_their_document_completeness_proof) ... ok
test_real_declared_pagination_requires_bound_terminal_pages (test_source_completeness.SourceCompletenessTest.test_real_declared_pagination_requires_bound_terminal_pages) ... ok
test_split_is_deterministic_bounded_and_single_day_fails (test_source_completeness.SourceCompletenessTest.test_split_is_deterministic_bounded_and_single_day_fails) ... ok
test_success_status_does_not_override_partial_summary (test_source_completeness.SourceCompletenessTest.test_success_status_does_not_override_partial_summary) ... ok
test_all_operations_reject_manually_published_100_row_indicator (test_public_source_scope.PublicSourceScopeTest.test_all_operations_reject_manually_published_100_row_indicator) ... ok
test_daily_rejects_widening_before_collection (test_public_source_scope.PublicSourceScopeTest.test_daily_rejects_widening_before_collection) ... ok
test_direct_bootstrap_daily_repair_produce_identical_scoped_artifacts (test_public_source_scope.PublicSourceScopeTest.test_direct_bootstrap_daily_repair_produce_identical_scoped_artifacts) ... ok
test_loader_rejects_rehashed_manifest_claiming_unrequested_scope (test_public_source_scope.PublicSourceScopeTest.test_loader_rejects_rehashed_manifest_claiming_unrequested_scope) ... ok
test_public_schema_rejects_unrelated_domains_unknown_keys_and_bad_bounds (test_public_source_scope.PublicSourceScopeTest.test_public_schema_rejects_unrelated_domains_unknown_keys_and_bad_bounds) ... ok
test_scope_guard_rejects_raw_holes_missing_exchange_and_mapping_mismatch (test_public_source_scope.PublicSourceScopeTest.test_scope_guard_rejects_raw_holes_missing_exchange_and_mapping_mismatch) ... ok
test_base_builder_cannot_publish_unknown_source_by_omitting_coverage (test_writable_contracts.WritableContractsTest.test_base_builder_cannot_publish_unknown_source_by_omitting_coverage) ... ok
test_bootstrap_daily_repair_reject_legacy_before_publication (test_writable_contracts.WritableContractsTest.test_bootstrap_daily_repair_reject_legacy_before_publication) ... ok
test_coverage_upgrade_requires_new_lineage_even_when_domain_contract_is_current (test_writable_contracts.WritableContractsTest.test_coverage_upgrade_requires_new_lineage_even_when_domain_contract_is_current) ... ok
test_current_write_succeeds_and_upgrade_requires_new_lineage (test_writable_contracts.WritableContractsTest.test_current_write_succeeds_and_upgrade_requires_new_lineage) ... ok
test_legacy_published_snapshot_domain_and_raw_remain_readable (test_writable_contracts.WritableContractsTest.test_legacy_published_snapshot_domain_and_raw_remain_readable) ... ok
test_missing_current_policy_cannot_be_bypassed_by_legacy_contract_or_coverage (test_writable_contracts.WritableContractsTest.test_missing_current_policy_cannot_be_bypassed_by_legacy_contract_or_coverage) ... ok
test_registry_keeps_current_v1_distinct_from_superseded_versions (test_writable_contracts.WritableContractsTest.test_registry_keeps_current_v1_distinct_from_superseded_versions) ... ok
test_superseded_domain_and_coverage_are_read_only_at_both_build_boundaries (test_writable_contracts.WritableContractsTest.test_superseded_domain_and_coverage_are_read_only_at_both_build_boundaries) ... ok
test_event_ambiguity_matches_direct_selector (test_view_event_history.ViewEventHistoryTest.test_event_ambiguity_matches_direct_selector) ... ok
test_frozen_full_payload_and_daily_selectors_match (test_view_event_history.ViewEventHistoryTest.test_frozen_full_payload_and_daily_selectors_match) ... ok
test_out_of_scope_financial_conflict_rejects_before_prefetch (test_view_event_history.ViewEventHistoryTest.test_out_of_scope_financial_conflict_rejects_before_prefetch) ... ok

----------------------------------------------------------------------
Ran 60 tests in 32.325s

OK
